Component: ARM Compiler 5.06 update 4 (build 422) Tool: armlink [4d35d2]

==============================================================================

Section Cross References

    main.o(i.Uart_putc) refers to stm32f4xx_usart.o(i.USART_GetFlagStatus) for USART_GetFlagStatus
    main.o(i.Uart_putc) refers to stm32f4xx_usart.o(i.USART_SendData) for USART_SendData
    main.o(i.Uart_puts) refers to stm32f4xx_usart.o(i.USART_GetFlagStatus) for USART_GetFlagStatus
    main.o(i.Uart_puts) refers to stm32f4xx_usart.o(i.USART_SendData) for USART_SendData
    main.o(i.cne_rst) refers to main.o(i.__NVIC_SystemReset) for __NVIC_SystemReset
    main.o(i.cne_rst) refers to main.o(.data) for .data
    main.o(i.cne_rst) refers to sim800a.o(.bss) for web
    main.o(i.daily_rst) refers to rtc_internal.o(i.tellTime) for tellTime
    main.o(i.daily_rst) refers to rtc_internal.o(i.tellDate) for tellDate
    main.o(i.daily_rst) refers to basicfunc.o(i.Delay) for Delay
    main.o(i.daily_rst) refers to main.o(i.__NVIC_SystemReset) for __NVIC_SystemReset
    main.o(i.daily_rst) refers to main.o(.data) for .data
    main.o(i.daily_rst) refers to rtc_internal.o(.bss) for aShowTime
    main.o(i.del_all_mess) refers to sim800a.o(i.GSMD) for GSMD
    main.o(i.del_all_mess) refers to sim800a.o(.bss) for sms_phone
    main.o(i.del_all_mess) refers to sim800a.o(.data) for num_sdt
    main.o(i.del_all_mess) refers to sim800a.o(.data) for len_sdt
    main.o(i.init_value) refers to sim800a.o(.bss) for web
    main.o(i.init_value) refers to main.o(.data) for .data
    main.o(i.main) refers to modbus.o(i.USART1_Configuration) for USART1_Configuration
    main.o(i.main) refers to sim800a.o(i.USART6_Configuration) for USART6_Configuration
    main.o(i.main) refers to modbus.o(i.USART2_Configuration) for USART2_Configuration
    main.o(i.main) refers to adc.o(i.ADC_Config) for ADC_Config
    main.o(i.main) refers to i2c_eeprom.o(i.I2C2_Configuration) for I2C2_Configuration
    main.o(i.main) refers to stm32f4xx_iwdg.o(i.IWDG_WriteAccessCmd) for IWDG_WriteAccessCmd
    main.o(i.main) refers to stm32f4xx_iwdg.o(i.IWDG_SetPrescaler) for IWDG_SetPrescaler
    main.o(i.main) refers to stm32f4xx_iwdg.o(i.IWDG_SetReload) for IWDG_SetReload
    main.o(i.main) refers to stm32f4xx_iwdg.o(i.IWDG_ReloadCounter) for IWDG_ReloadCounter
    main.o(i.main) refers to stm32f4xx_iwdg.o(i.IWDG_Enable) for IWDG_Enable
    main.o(i.main) refers to sim800a.o(i.check_statusM95) for check_statusM95
    main.o(i.main) refers to basicfunc.o(i.Delay) for Delay
    main.o(i.main) refers to main.o(i.init_value) for init_value
    main.o(i.main) refers to i2c_eeprom.o(i.I2C_BufferRead) for I2C_BufferRead
    main.o(i.main) refers to sim800a.o(i.GSMD) for GSMD
    main.o(i.main) refers to main.o(i.daily_rst) for daily_rst
    main.o(i.main) refers to main.o(i.cne_rst) for cne_rst
    main.o(i.main) refers to dfltui.o(.text) for __aeabi_ui2d
    main.o(i.main) refers to dmul.o(.text) for __aeabi_dmul
    main.o(i.main) refers to ddiv.o(.text) for __aeabi_ddiv
    main.o(i.main) refers to d2f.o(.text) for __aeabi_d2f
    main.o(i.main) refers to main.o(i.sms_process) for sms_process
    main.o(i.main) refers to i2c_eeprom.o(i.I2C_BufferWrite) for I2C_BufferWrite
    main.o(i.main) refers to main.o(i.__NVIC_SystemReset) for __NVIC_SystemReset
    main.o(i.main) refers to main.o(i.sms_warning) for sms_warning
    main.o(i.main) refers to sim800a.o(i.check_statusM95_main) for check_statusM95_main
    main.o(i.main) refers to sim800a.o(i.check_signal) for check_signal
    main.o(i.main) refers to sim800a.o(i.check_gprs) for check_gprs
    main.o(i.main) refers to main.o(i.push_data2web) for push_data2web
    main.o(i.main) refers to system_stm32f4xx.o(.data) for SystemCoreClock
    main.o(i.main) refers to main.o(.data) for .data
    main.o(i.main) refers to main.o(.bss) for .bss
    main.o(i.main) refers to sim800a.o(.bss) for web
    main.o(i.main) refers to adc.o(.bss) for adc
    main.o(i.main) refers to sim800a.o(.data) for stepConn
    main.o(i.process) refers to main.o(i.read_temp) for read_temp
    main.o(i.process) refers to main.o(i.read_volt) for read_volt
    main.o(i.process) refers to main.o(i.read_write_adam8024) for read_write_adam8024
    main.o(i.push_data2web) refers to sim800a.o(i.sendGSM) for sendGSM
    main.o(i.push_data2web) refers to main.o(i.Uart_putc) for Uart_putc
    main.o(i.push_data2web) refers to basicfunc.o(i.toAscii) for toAscii
    main.o(i.push_data2web) refers to sim800a.o(i.GSM_hex) for GSM_hex
    main.o(i.push_data2web) refers to dfltui.o(.text) for __aeabi_ui2d
    main.o(i.push_data2web) refers to dmul.o(.text) for __aeabi_dmul
    main.o(i.push_data2web) refers to ddiv.o(.text) for __aeabi_ddiv
    main.o(i.push_data2web) refers to d2f.o(.text) for __aeabi_d2f
    main.o(i.push_data2web) refers to basicfunc.o(i.Delay) for Delay
    main.o(i.push_data2web) refers to main.o(i.process) for process
[...]
    Removing sim800a.o(.data), (4 bytes).
    Removing modbus.o(.rev16_text), (4 bytes).
    Removing modbus.o(.revsh_text), (4 bytes).
    Removing modbus.o(.rrx_text), (6 bytes).
    Removing modbus.o(i.Send_uart_data), (164 bytes).
    Removing modbus.o(i.Send_uart_data01), (164 bytes).
    Removing modbus.o(i.Send_uart_data05), (128 bytes).
    Removing modbus.o(i.Send_uart_data06), (128 bytes).
    Removing modbus.o(i.Send_uart_data16), (176 bytes).
    Removing modbus.o(i.split_bit), (22 bytes).
    Removing modbus.o(.data), (1 bytes).
    Removing modbus.o(.data), (1 bytes).
    Removing basicfunc.o(.rev16_text), (4 bytes).
    Removing basicfunc.o(.revsh_text), (4 bytes).
    Removing basicfunc.o(.rrx_text), (6 bytes).
    Removing basicfunc.o(i.AsciiToInt), (152 bytes).
    Removing basicfunc.o(i.float2Byte), (16 bytes).
    Removing basicfunc.o(i.transfloat), (22 bytes).
    Removing rtc_internal.o(.rev16_text), (4 bytes).
    Removing rtc_internal.o(.revsh_text), (4 bytes).
    Removing rtc_internal.o(.rrx_text), (6 bytes).
    Removing rtc_internal.o(i.init_RTC), (156 bytes).
    Removing rtc_internal.o(i.setTime), (56 bytes).
    Removing stm32f4xx_pwr.o(.rev16_text), (4 bytes).
    Removing stm32f4xx_pwr.o(.revsh_text), (4 bytes).
    Removing stm32f4xx_pwr.o(.rrx_text), (6 bytes).
    Removing stm32f4xx_pwr.o(i.PWR_BackupAccessCmd), (12 bytes).
    Removing stm32f4xx_pwr.o(i.PWR_BackupRegulatorCmd), (12 bytes).
    Removing stm32f4xx_pwr.o(i.PWR_ClearFlag), (16 bytes).
    Removing stm32f4xx_pwr.o(i.PWR_DeInit), (24 bytes).
    Removing stm32f4xx_pwr.o(i.PWR_EnterSTANDBYMode), (40 bytes).
    Removing stm32f4xx_pwr.o(i.PWR_EnterSTOPMode), (52 bytes).
    Removing stm32f4xx_pwr.o(i.PWR_FlashPowerDownCmd), (12 bytes).
    Removing stm32f4xx_pwr.o(i.PWR_GetFlagStatus), (20 bytes).
    Removing stm32f4xx_pwr.o(i.PWR_MainRegulatorModeConfig), (28 bytes).
    Removing stm32f4xx_pwr.o(i.PWR_PVDCmd), (12 bytes).
    Removing stm32f4xx_pwr.o(i.PWR_PVDLevelConfig), (20 bytes).
    Removing stm32f4xx_pwr.o(i.PWR_WakeUpPinCmd), (12 bytes).
    Removing stm32f4xx_rtc.o(.rev16_text), (4 bytes).
    Removing stm32f4xx_rtc.o(.revsh_text), (4 bytes).
    Removing stm32f4xx_rtc.o(.rrx_text), (6 bytes).
    Removing stm32f4xx_rtc.o(i.RTC_AlarmCmd), (84 bytes).
    Removing stm32f4xx_rtc.o(i.RTC_AlarmStructInit), (20 bytes).
    Removing stm32f4xx_rtc.o(i.RTC_AlarmSubSecondConfig), (44 bytes).
    Removing stm32f4xx_rtc.o(i.RTC_BypassShadowCmd), (44 bytes).
    Removing stm32f4xx_rtc.o(i.RTC_ByteToBcd2), (24 bytes).
    Removing stm32f4xx_rtc.o(i.RTC_CalibOutputCmd), (44 bytes).
    Removing stm32f4xx_rtc.o(i.RTC_CalibOutputConfig), (40 bytes).
    Removing stm32f4xx_rtc.o(i.RTC_ClearFlag), (28 bytes).
    Removing stm32f4xx_rtc.o(i.RTC_ClearITPendingBit), (28 bytes).
    Removing stm32f4xx_rtc.o(i.RTC_CoarseCalibCmd), (60 bytes).
    Removing stm32f4xx_rtc.o(i.RTC_CoarseCalibConfig), (52 bytes).
    Removing stm32f4xx_rtc.o(i.RTC_DateStructInit), (14 bytes).
    Removing stm32f4xx_rtc.o(i.RTC_DayLightSavingConfig), (44 bytes).
    Removing stm32f4xx_rtc.o(i.RTC_DeInit), (176 bytes).
    Removing stm32f4xx_rtc.o(i.RTC_EnterInitMode), (60 bytes).
    Removing stm32f4xx_rtc.o(i.RTC_ExitInitMode), (16 bytes).
    Removing stm32f4xx_rtc.o(i.RTC_GetAlarm), (108 bytes).
    Removing stm32f4xx_rtc.o(i.RTC_GetAlarmSubSecond), (28 bytes).
    Removing stm32f4xx_rtc.o(i.RTC_GetFlagStatus), (28 bytes).
    Removing stm32f4xx_rtc.o(i.RTC_GetITStatus), (56 bytes).
    Removing stm32f4xx_rtc.o(i.RTC_GetStoreOperation), (16 bytes).
    Removing stm32f4xx_rtc.o(i.RTC_GetSubSecond), (16 bytes).
    Removing stm32f4xx_rtc.o(i.RTC_GetTimeStamp), (136 bytes).
    Removing stm32f4xx_rtc.o(i.RTC_GetTimeStampSubSecond), (12 bytes).
    Removing stm32f4xx_rtc.o(i.RTC_GetWakeUpCounter), (12 bytes).
    Removing stm32f4xx_rtc.o(i.RTC_ITConfig), (64 bytes).
    Removing stm32f4xx_rtc.o(i.RTC_Init), (80 bytes).
    Removing stm32f4xx_rtc.o(i.RTC_OutputConfig), (44 bytes).
    Removing stm32f4xx_rtc.o(i.RTC_OutputTypeConfig), (24 bytes).
    Removing stm32f4xx_rtc.o(i.RTC_ReadBackupRegister), (20 bytes).
    Removing stm32f4xx_rtc.o(i.RTC_RefClockCmd), (60 bytes).
    Removing stm32f4xx_rtc.o(i.RTC_SetAlarm), (164 bytes).
    Removing stm32f4xx_rtc.o(i.RTC_SetDate), (156 bytes).
    Removing stm32f4xx_rtc.o(i.RTC_SetTime), (160 bytes).
    Removing stm32f4xx_rtc.o(i.RTC_SetWakeUpCounter), (28 bytes).
    Removing stm32f4xx_rtc.o(i.RTC_SmoothCalibConfig), (76 bytes).
    Removing stm32f4xx_rtc.o(i.RTC_StructInit), (14 bytes).
    Removing stm32f4xx_rtc.o(i.RTC_SynchroShiftConfig), (88 bytes).
    Removing stm32f4xx_rtc.o(i.RTC_TamperCmd), (24 bytes).
    Removing stm32f4xx_rtc.o(i.RTC_TamperFilterConfig), (24 bytes).
    Removing stm32f4xx_rtc.o(i.RTC_TamperPinSelection), (24 bytes).
    Removing stm32f4xx_rtc.o(i.RTC_TamperPinsPrechargeDuration), (24 bytes).
    Removing stm32f4xx_rtc.o(i.RTC_TamperPullUpCmd), (28 bytes).
    Removing stm32f4xx_rtc.o(i.RTC_TamperSamplingFreqConfig), (24 bytes).
    Removing stm32f4xx_rtc.o(i.RTC_TamperTriggerConfig), (28 bytes).
    Removing stm32f4xx_rtc.o(i.RTC_TimeStampCmd), (48 bytes).
    Removing stm32f4xx_rtc.o(i.RTC_TimeStampOnTamperDetectionCmd), (28 bytes).
    Removing stm32f4xx_rtc.o(i.RTC_TimeStampPinSelection), (24 bytes).
    Removing stm32f4xx_rtc.o(i.RTC_TimeStructInit), (12 bytes).
    Removing stm32f4xx_rtc.o(i.RTC_WaitForSynchro), (76 bytes).
    Removing stm32f4xx_rtc.o(i.RTC_WakeUpClockConfig), (40 bytes).
    Removing stm32f4xx_rtc.o(i.RTC_WakeUpCmd), (88 bytes).
    Removing stm32f4xx_rtc.o(i.RTC_WriteBackupRegister), (20 bytes).
    Removing stm32f4xx_rtc.o(i.RTC_WriteProtectionCmd), (24 bytes).
    Removing stm32f4xx_iwdg.o(.rev16_text), (4 bytes).
    Removing stm32f4xx_iwdg.o(.revsh_text), (4 bytes).
    Removing stm32f4xx_iwdg.o(.rrx_text), (6 bytes).
    Removing stm32f4xx_iwdg.o(i.IWDG_GetFlagStatus), (20 bytes).
    Removing adc.o(.rev16_text), (4 bytes).
    Removing adc.o(.revsh_text), (4 bytes).
    Removing adc.o(.rrx_text), (6 bytes).
    Removing stm32f4xx_adc.o(.rev16_text), (4 bytes).
    Removing stm32f4xx_adc.o(.revsh_text), (4 bytes).
    Removing stm32f4xx_adc.o(.rrx_text), (6 bytes).
    Removing stm32f4xx_adc.o(i.ADC_AnalogWatchdogCmd), (16 bytes).
    Removing stm32f4xx_adc.o(i.ADC_AnalogWatchdogSingleChannelConfig), (12 bytes).
    Removing stm32f4xx_adc.o(i.ADC_AnalogWatchdogThresholdsConfig), (6 bytes).
    Removing stm32f4xx_adc.o(i.ADC_AutoInjectedConvCmd), (20 bytes).
    Removing stm32f4xx_adc.o(i.ADC_ClearFlag), (6 bytes).
    Removing stm32f4xx_adc.o(i.ADC_ClearITPendingBit), (8 bytes).
    Removing stm32f4xx_adc.o(i.ADC_CommonStructInit), (12 bytes).
    Removing stm32f4xx_adc.o(i.ADC_ContinuousModeCmd), (20 bytes).
    Removing stm32f4xx_adc.o(i.ADC_DeInit), (24 bytes).
    Removing stm32f4xx_adc.o(i.ADC_DiscModeChannelCountConfig), (16 bytes).
    Removing stm32f4xx_adc.o(i.ADC_DiscModeCmd), (20 bytes).
    Removing stm32f4xx_adc.o(i.ADC_EOCOnEachRegularChannelCmd), (20 bytes).
    Removing stm32f4xx_adc.o(i.ADC_ExternalTrigInjectedConvConfig), (12 bytes).
    Removing stm32f4xx_adc.o(i.ADC_ExternalTrigInjectedConvEdgeConfig), (12 bytes).
    Removing stm32f4xx_adc.o(i.ADC_GetConversionValue), (6 bytes).
    Removing stm32f4xx_adc.o(i.ADC_GetFlagStatus), (14 bytes).
    Removing stm32f4xx_adc.o(i.ADC_GetITStatus), (30 bytes).
    Removing stm32f4xx_adc.o(i.ADC_GetInjectedConversionValue), (14 bytes).
    Removing stm32f4xx_adc.o(i.ADC_GetMultiModeConversionValue), (12 bytes).
    Removing stm32f4xx_adc.o(i.ADC_GetSoftwareStartConvStatus), (14 bytes).
    Removing stm32f4xx_adc.o(i.ADC_GetSoftwareStartInjectedConvCmdStatus), (14 bytes).
    Removing stm32f4xx_adc.o(i.ADC_ITConfig), (18 bytes).
    Removing stm32f4xx_adc.o(i.ADC_InjectedChannelConfig), (74 bytes).
    Removing stm32f4xx_adc.o(i.ADC_InjectedDiscModeCmd), (20 bytes).
    Removing stm32f4xx_adc.o(i.ADC_InjectedSequencerLengthConfig), (16 bytes).
    Removing stm32f4xx_adc.o(i.ADC_MultiModeDMARequestAfterLastTransferCmd), (32 bytes).
    Removing stm32f4xx_adc.o(i.ADC_SetInjectedOffset), (10 bytes).
    Removing stm32f4xx_adc.o(i.ADC_SoftwareStartInjectedConv), (10 bytes).
    Removing stm32f4xx_adc.o(i.ADC_StructInit), (20 bytes).
    Removing stm32f4xx_adc.o(i.ADC_TempSensorVrefintCmd), (32 bytes).
    Removing stm32f4xx_adc.o(i.ADC_VBATCmd), (32 bytes).
    Removing stm32f4xx_dma.o(.rev16_text), (4 bytes).
    Removing stm32f4xx_dma.o(.revsh_text), (4 bytes).
    Removing stm32f4xx_dma.o(.rrx_text), (6 bytes).
    Removing stm32f4xx_dma.o(i.DMA_ClearFlag), (44 bytes).
    Removing stm32f4xx_dma.o(i.DMA_ClearITPendingBit), (44 bytes).
    Removing stm32f4xx_dma.o(i.DMA_DeInit), (292 bytes).
    Removing stm32f4xx_dma.o(i.DMA_DoubleBufferModeCmd), (20 bytes).
    Removing stm32f4xx_dma.o(i.DMA_DoubleBufferModeConfig), (22 bytes).
    Removing stm32f4xx_dma.o(i.DMA_FlowControllerConfig), (20 bytes).
    Removing stm32f4xx_dma.o(i.DMA_GetCmdStatus), (14 bytes).
    Removing stm32f4xx_dma.o(i.DMA_GetCurrDataCounter), (6 bytes).
    Removing stm32f4xx_dma.o(i.DMA_GetCurrentMemoryTarget), (14 bytes).
    Removing stm32f4xx_dma.o(i.DMA_GetFIFOStatus), (8 bytes).
    Removing stm32f4xx_dma.o(i.DMA_GetFlagStatus), (52 bytes).
    Removing stm32f4xx_dma.o(i.DMA_GetITStatus), (84 bytes).
    Removing stm32f4xx_dma.o(i.DMA_ITConfig), (44 bytes).
    Removing stm32f4xx_dma.o(i.DMA_MemoryTargetConfig), (10 bytes).
    Removing stm32f4xx_dma.o(i.DMA_PeriphIncOffsetSizeConfig), (20 bytes).
    Removing stm32f4xx_dma.o(i.DMA_SetCurrDataCounter), (4 bytes).
    Removing stm32f4xx_dma.o(i.DMA_StructInit), (34 bytes).
    Removing i2c_eeprom.o(.rev16_text), (4 bytes).
    Removing i2c_eeprom.o(.revsh_text), (4 bytes).
    Removing i2c_eeprom.o(.rrx_text), (6 bytes).
    Removing i2c_eeprom.o(i.I2C_ByteWrite), (120 bytes).
    Removing i2c_eeprom.o(.bss), (200 bytes).
    Removing stm32f4xx_i2c.o(.rev16_text), (4 bytes).
    Removing stm32f4xx_i2c.o(.revsh_text), (4 bytes).
    Removing stm32f4xx_i2c.o(.rrx_text), (6 bytes).
    Removing stm32f4xx_i2c.o(i.I2C_ARPCmd), (20 bytes).
    Removing stm32f4xx_i2c.o(i.I2C_CalculatePEC), (20 bytes).
    Removing stm32f4xx_i2c.o(i.I2C_ClearFlag), (6 bytes).
    Removing stm32f4xx_i2c.o(i.I2C_ClearITPendingBit), (6 bytes).
    Removing stm32f4xx_i2c.o(i.I2C_DMACmd), (20 bytes).
    Removing stm32f4xx_i2c.o(i.I2C_DMALastTransferCmd), (20 bytes).
    Removing stm32f4xx_i2c.o(i.I2C_DualAddressCmd), (20 bytes).
    Removing stm32f4xx_i2c.o(i.I2C_FastModeDutyCycleConfig), (22 bytes).
    Removing stm32f4xx_i2c.o(i.I2C_GeneralCallCmd), (20 bytes).
    Removing stm32f4xx_i2c.o(i.I2C_GetITStatus), (36 bytes).
    Removing stm32f4xx_i2c.o(i.I2C_GetLastEvent), (14 bytes).
    Removing stm32f4xx_i2c.o(i.I2C_GetPEC), (6 bytes).
    Removing stm32f4xx_i2c.o(i.I2C_ITConfig), (16 bytes).
    Removing stm32f4xx_i2c.o(i.I2C_NACKPositionConfig), (22 bytes).
    Removing stm32f4xx_i2c.o(i.I2C_OwnAddress2Config), (16 bytes).
    Removing stm32f4xx_i2c.o(i.I2C_PECPositionConfig), (22 bytes).
    Removing stm32f4xx_i2c.o(i.I2C_ReadRegister), (10 bytes).
    Removing stm32f4xx_i2c.o(i.I2C_SMBusAlertConfig), (22 bytes).
    Removing stm32f4xx_i2c.o(i.I2C_SoftwareResetCmd), (20 bytes).
    Removing stm32f4xx_i2c.o(i.I2C_StretchClockCmd), (20 bytes).
    Removing stm32f4xx_i2c.o(i.I2C_StructInit), (28 bytes).
    Removing stm32f4xx_i2c.o(i.I2C_TransmitPEC), (20 bytes).

321 unused section(s) (total 9281 bytes) removed from the image.

==============================================================================

Image Symbol Table

    Local Symbols

    Symbol Name                              Value     Ov Type        Size  Object(Section)

    ../clib/../cmprslib/zerorunl2.c          0x00000000   Number         0  __dczerorl2.o ABSOLUTE
    ../clib/microlib/ctype/ctype.c           0x00000000   Number         0  isalnum_o.o ABSOLUTE
    ../clib/microlib/ctype/ctype.c           0x00000000   Number         0  isgraph_o.o ABSOLUTE
    ../clib/microlib/ctype/ctype.c           0x00000000   Number         0  isalpha_o.o ABSOLUTE
    ../clib/microlib/ctype/ctype.c           0x00000000   Number         0  ctype_o.o ABSOLUTE
    ../clib/microlib/ctype/ctype.c           0x00000000   Number         0  isblank_o.o ABSOLUTE
    ../clib/microlib/ctype/ctype.c           0x00000000   Number         0  isxdigit_o.o ABSOLUTE
    ../clib/microlib/ctype/ctype.c           0x00000000   Number         0  isupper_o.o ABSOLUTE
    ../clib/microlib/ctype/ctype.c           0x00000000   Number         0  isspace_o.o ABSOLUTE
    ../clib/microlib/ctype/ctype.c           0x00000000   Number         0  iscntrl_o.o ABSOLUTE
    ../clib/microlib/ctype/ctype.c           0x00000000   Number         0  ispunct_o.o ABSOLUTE
    ../clib/microlib/ctype/ctype.c           0x00000000   Number         0  isdigit_o.o ABSOLUTE
    ../clib/microlib/ctype/ctype.c           0x00000000   Number         0  isprint_o.o ABSOLUTE
    ../clib/microlib/ctype/ctype.c           0x00000000   Number         0  islower_o.o ABSOLUTE
    ../clib/microlib/errno.c                 0x00000000   Number         0  errno.o ABSOLUTE
    ../clib/microlib/init/entry.s            0x00000000   Number         0  entry7b.o ABSOLUTE
    ../clib/microlib/init/entry.s            0x00000000   Number         0  entry10a.o ABSOLUTE
    ../clib/microlib/init/entry.s            0x00000000   Number         0  entry9b.o ABSOLUTE
    ../clib/microlib/init/entry.s            0x00000000   Number         0  entry9a.o ABSOLUTE
    ../clib/microlib/init/entry.s            0x00000000   Number         0  entry8b.o ABSOLUTE
    ../clib/microlib/init/entry.s            0x00000000   Number         0  entry8a.o ABSOLUTE
    ../clib/microlib/init/entry.s            0x00000000   Number         0  entry7a.o ABSOLUTE
    ../clib/microlib/init/entry.s            0x00000000   Number         0  entry5.o ABSOLUTE
    ../clib/microlib/init/entry.s            0x00000000   Number         0  entry2.o ABSOLUTE
    ../clib/microlib/init/entry.s            0x00000000   Number         0  entry.o ABSOLUTE
    ../clib/microlib/init/entry.s            0x00000000   Number         0  entry11b.o ABSOLUTE
    ../clib/microlib/init/entry.s            0x00000000   Number         0  entry11a.o ABSOLUTE
    ../clib/microlib/init/entry.s            0x00000000   Number         0  entry10b.o ABSOLUTE
    ../clib/microlib/longlong.c              0x00000000   Number         0  llushr.o ABSOLUTE
    ../clib/microlib/longlong.c              0x00000000   Number         0  llshl.o ABSOLUTE
    ../clib/microlib/longlong.c              0x00000000   Number         0  llsshr.o ABSOLUTE
    ../clib/microlib/string/memset.c         0x00000000   Number         0  memseta.o ABSOLUTE
    ../clib/microlib/string/strcmp.c         0x00000000   Number         0  strcmp.o ABSOLUTE
    ../clib/microlib/stubs.s                 0x00000000   Number         0  iusefp.o ABSOLUTE
    ../clib/scanf.c                          0x00000000   Number         0  atoi.o ABSOLUTE
    ../clib/scanf.c                          0x00000000   Number         0  _chval.o ABSOLUTE
    ../clib/scanf.c                          0x00000000   Number         0  _strtoul.o ABSOLUTE
    ../clib/scanf.c                          0x00000000   Number         0  strtol.o ABSOLUTE
    ../fplib/microlib/d2f.c                  0x00000000   Number         0  d2f.o ABSOLUTE
    ../fplib/microlib/fpadd.c                0x00000000   Number         0  dadd.o ABSOLUTE
    ../fplib/microlib/fpdiv.c                0x00000000   Number         0  ddiv.o ABSOLUTE
    ../fplib/microlib/fpepilogue.c           0x00000000   Number         0  depilogue.o ABSOLUTE
    ../fplib/microlib/fpepilogue.c           0x00000000   Number         0  fepilogue.o ABSOLUTE
    ../fplib/microlib/fpfix.c                0x00000000   Number         0  dfixui.o ABSOLUTE
    ../fplib/microlib/fpflt.c                0x00000000   Number         0  dfltui.o ABSOLUTE
    ../fplib/microlib/fpmul.c                0x00000000   Number         0  dmul.o ABSOLUTE
    ../fplib/microlib/fpscalb.c              0x00000000   Number         0  dscalb.o ABSOLUTE
    ../mathlib/ceil.c                        0x00000000   Number         0  ceil.o ABSOLUTE
    ..\Libraries\CMSIS\Device\ST\STM32F4xx\Source\Templates\arm\startup_stm32f4xx.s 0x00000000   Number         0  startup_stm32f4xx.o ABSOLUTE
    ..\Libraries\STM32F4xx_StdPeriph_Driver\src\Modbus.c 0x00000000   Number         0  modbus.o ABSOLUTE
    ..\Libraries\STM32F4xx_StdPeriph_Driver\src\Sim800A.c 0x00000000   Number         0  sim800a.o ABSOLUTE
    ..\Libraries\STM32F4xx_StdPeriph_Driver\src\adc.c 0x00000000   Number         0  adc.o ABSOLUTE
    ..\Libraries\STM32F4xx_StdPeriph_Driver\src\basicFunc.c 0x00000000   Number         0  basicfunc.o ABSOLUTE
    ..\Libraries\STM32F4xx_StdPeriph_Driver\src\i2c_eeprom.c 0x00000000   Number         0  i2c_eeprom.o ABSOLUTE
    ..\Libraries\STM32F4xx_StdPeriph_Driver\src\misc.c 0x00000000   Number         0  misc.o ABSOLUTE
    ..\Libraries\STM32F4xx_StdPeriph_Driver\src\rtc_internal.c 0x00000000   Number         0  rtc_internal.o ABSOLUTE
    ..\Libraries\STM32F4xx_StdPeriph_Driver\src\stm32f4xx_adc.c 0x00000000   Number         0  stm32f4xx_adc.o ABSOLUTE
    ..\Libraries\STM32F4xx_StdPeriph_Driver\src\stm32f4xx_dma.c 0x00000000   Number         0  stm32f4xx_dma.o ABSOLUTE
    ..\Libraries\STM32F4xx_StdPeriph_Driver\src\stm32f4xx_gpio.c 0x00000000   Number         0  stm32f4xx_gpio.o ABSOLUTE
    ..\Libraries\STM32F4xx_StdPeriph_Driver\src\stm32f4xx_i2c.c 0x00000000   Number         0  stm32f4xx_i2c.o ABSOLUTE
    ..\Libraries\STM32F4xx_StdPeriph_Driver\src\stm32f4xx_iwdg.c 0x00000000   Number         0  stm32f4xx_iwdg.o ABSOLUTE
    ..\Libraries\STM32F4xx_StdPeriph_Driver\src\stm32f4xx_pwr.c 0x00000000   Number         0  stm32f4xx_pwr.o ABSOLUTE
    ..\Libraries\STM32F4xx_StdPeriph_Driver\src\stm32f4xx_rcc.c 0x00000000   Number         0  stm32f4xx_rcc.o ABSOLUTE
    ..\Libraries\STM32F4xx_StdPeriph_Driver\src\stm32f4xx_rtc.c 0x00000000   Number         0  stm32f4xx_rtc.o ABSOLUTE
    ..\Libraries\STM32F4xx_StdPeriph_Driver\src\stm32f4xx_usart.c 0x00000000   Number         0  stm32f4xx_usart.o ABSOLUTE
    ..\\Libraries\\STM32F4xx_StdPeriph_Driver\\src\\Modbus.c 0x00000000   Number         0  modbus.o ABSOLUTE
    ..\\Libraries\\STM32F4xx_StdPeriph_Driver\\src\\Sim800A.c 0x00000000   Number         0  sim800a.o ABSOLUTE
    ..\\Libraries\\STM32F4xx_StdPeriph_Driver\\src\\adc.c 0x00000000   Number         0  adc.o ABSOLUTE
    ..\\Libraries\\STM32F4xx_StdPeriph_Driver\\src\\basicFunc.c 0x00000000   Number         0  basicfunc.o ABSOLUTE
    ..\\Libraries\\STM32F4xx_StdPeriph_Driver\\src\\i2c_eeprom.c 0x00000000   Number         0  i2c_eeprom.o ABSOLUTE
    ..\\Libraries\\STM32F4xx_StdPeriph_Driver\\src\\misc.c 0x00000000   Number         0  misc.o ABSOLUTE
    ..\\Libraries\\STM32F4xx_StdPeriph_Driver\\src\\rtc_internal.c 0x00000000   Number         0  rtc_internal.o ABSOLUTE
    ..\\Libraries\\STM32F4xx_StdPeriph_Driver\\src\\stm32f4xx_adc.c 0x00000000   Number         0  stm32f4xx_adc.o ABSOLUTE
    ..\\Libraries\\STM32F4xx_StdPeriph_Driver\\src\\stm32f4xx_dma.c 0x00000000   Number         0  stm32f4xx_dma.o ABSOLUTE
    ..\\Libraries\\STM32F4xx_StdPeriph_Driver\\src\\stm32f4xx_gpio.c 0x00000000   Number         0  stm32f4xx_gpio.o ABSOLUTE
    ..\\Libraries\\STM32F4xx_StdPeriph_Driver\\src\\stm32f4xx_i2c.c 0x00000000   Number         0  stm32f4xx_i2c.o ABSOLUTE
    ..\\Libraries\\STM32F4xx_StdPeriph_Driver\\src\\stm32f4xx_iwdg.c 0x00000000   Number         0  stm32f4xx_iwdg.o ABSOLUTE
    ..\\Libraries\\STM32F4xx_StdPeriph_Driver\\src\\stm32f4xx_pwr.c 0x00000000   Number         0  stm32f4xx_pwr.o ABSOLUTE
    ..\\Libraries\\STM32F4xx_StdPeriph_Driver\\src\\stm32f4xx_rcc.c 0x00000000   Number         0  stm32f4xx_rcc.o ABSOLUTE
    ..\\Libraries\\STM32F4xx_StdPeriph_Driver\\src\\stm32f4xx_rtc.c 0x00000000   Number         0  stm32f4xx_rtc.o ABSOLUTE
    ..\\Libraries\\STM32F4xx_StdPeriph_Driver\\src\\stm32f4xx_usart.c 0x00000000   Number         0  stm32f4xx_usart.o ABSOLUTE
    ..\\main.c                               0x00000000   Number         0  main.o ABSOLUTE
    ..\\stm32f4xx_it.c                       0x00000000   Number         0  stm32f4xx_it.o ABSOLUTE
    ..\\system_stm32f4xx.c                   0x00000000   Number         0  system_stm32f4xx.o ABSOLUTE
    ..\main.c                                0x00000000   Number         0  main.o ABSOLUTE
    ..\stm32f4xx_it.c                        0x00000000   Number         0  stm32f4xx_it.o ABSOLUTE
    ..\system_stm32f4xx.c                    0x00000000   Number         0  system_stm32f4xx.o ABSOLUTE
    cdrcmple.s                               0x00000000   Number         0  cdrcmple.o ABSOLUTE
    dc.s                                     0x00000000   Number         0  dc.o ABSOLUTE
    handlers.s                               0x00000000   Number         0  handlers.o ABSOLUTE
    init.s                                   0x00000000   Number         0  init.o ABSOLUTE
    RESET                                    0x08000000   Section      392  startup_stm32f4xx.o(RESET)
    .ARM.Collect$$$$00000000                 0x08000188   Section        0  entry.o(.ARM.Collect$$$$00000000)
    .ARM.Collect$$$$00000001                 0x08000188   Section        4  entry2.o(.ARM.Collect$$$$00000001)
    .ARM.Collect$$$$00000004                 0x0800018c   Section        4  entry5.o(.ARM.Collect$$$$00000004)
    .ARM.Collect$$$$00000008                 0x08000190   Section        0  entry7b.o(.ARM.Collect$$$$00000008)
    .ARM.Collect$$$$0000000A                 0x08000190   Section        0  entry8b.o(.ARM.Collect$$$$0000000A)
    .ARM.Collect$$$$0000000B                 0x08000190   Section        8  entry9a.o(.ARM.Collect$$$$0000000B)
    .ARM.Collect$$$$0000000D                 0x08000198   Section        0  entry10a.o(.ARM.Collect$$$$0000000D)
    .ARM.Collect$$$$0000000F                 0x08000198   Section        0  entry11a.o(.ARM.Collect$$$$0000000F)
    .ARM.Collect$$$$00002712                 0x08000198   Section        4  entry2.o(.ARM.Collect$$$$00002712)
    __lit__00000000                          0x08000198   Data           4  entry2.o(.ARM.Collect$$$$00002712)
    .text                                    0x0800019c   Section       36  startup_stm32f4xx.o(.text)
    .text                                    0x080001c0   Section        0  memseta.o(.text)
    .text                                    0x080001e4   Section        0  strcmp.o(.text)
    .text                                    0x08000200   Section        0  atoi.o(.text)
    .text                                    0x0800021a   Section        0  dmul.o(.text)
    .text                                    0x080002fe   Section        0  ddiv.o(.text)
    .text                                    0x080003dc   Section        0  dscalb.o(.text)
    .text                                    0x0800040a   Section        0  dfltui.o(.text)
    .text                                    0x08000424   Section        0  dfixui.o(.text)
    .text                                    0x08000456   Section        0  d2f.o(.text)
    .text                                    0x0800048e   Section        0  llushr.o(.text)
    .text                                    0x080004ae   Section        0  strtol.o(.text)
    .text                                    0x0800051e   Section        0  fepilogue.o(.text)
    .text                                    0x0800051e   Section        0  iusefp.o(.text)
    .text                                    0x0800058c   Section        0  depilogue.o(.text)
    .text                                    0x08000646   Section        0  dadd.o(.text)
    .text                                    0x08000794   Section       48  cdrcmple.o(.text)
    .text                                    0x080007c4   Section       36  init.o(.text)
    .text                                    0x080007e8   Section        0  llshl.o(.text)
    .text                                    0x08000806   Section        0  llsshr.o(.text)
    .text                                    0x0800082c   Section        0  ctype_o.o(.text)
    .text                                    0x08000834   Section        0  _strtoul.o(.text)
    .text                                    0x080008d2   Section        0  _chval.o(.text)
    .text                                    0x080008ee   Section        0  __dczerorl2.o(.text)
    i.ADC_Cmd                                0x08000944   Section        0  stm32f4xx_adc.o(i.ADC_Cmd)
    i.ADC_CommonInit                         0x08000958   Section        0  stm32f4xx_adc.o(i.ADC_CommonInit)
    i.ADC_Config                             0x08000984   Section        0  adc.o(i.ADC_Config)
    i.ADC_DMACmd                             0x08000a9c   Section        0  stm32f4xx_adc.o(i.ADC_DMACmd)
    i.ADC_DMARequestAfterLastTransferCmd     0x08000ab0   Section        0  stm32f4xx_adc.o(i.ADC_DMARequestAfterLastTransferCmd)
    i.ADC_Init                               0x08000ac4   Section        0  stm32f4xx_adc.o(i.ADC_Init)
    i.ADC_RegularChannelConfig               0x08000b10   Section        0  stm32f4xx_adc.o(i.ADC_RegularChannelConfig)
    i.ADC_SoftwareStartConv                  0x08000b84   Section        0  stm32f4xx_adc.o(i.ADC_SoftwareStartConv)
    i.BusFault_Handler                       0x08000b8e   Section        0  stm32f4xx_it.o(i.BusFault_Handler)
    i.DMA_Cmd                                0x08000b90   Section        0  stm32f4xx_dma.o(i.DMA_Cmd)
    i.DMA_Init                               0x08000ba4   Section        0  stm32f4xx_dma.o(i.DMA_Init)
    i.DebugMon_Handler                       0x08000bf8   Section        0  stm32f4xx_it.o(i.DebugMon_Handler)
    i.Delay                                  0x08000bfc   Section        0  basicfunc.o(i.Delay)
    i.GPIO_Init                              0x08000c10   Section        0  stm32f4xx_gpio.o(i.GPIO_Init)
    i.GPIO_PinAFConfig                       0x08000cb2   Section        0  stm32f4xx_gpio.o(i.GPIO_PinAFConfig)
    i.GPIO_ResetBits                         0x08000cd2   Section        0  stm32f4xx_gpio.o(i.GPIO_ResetBits)
    i.GPIO_SetBits                           0x08000cd6   Section        0  stm32f4xx_gpio.o(i.GPIO_SetBits)
    i.GSM                                    0x08000cdc   Section        0  sim800a.o(i.GSM)
    i.GSMB                                   0x08000ce8   Section        0  sim800a.o(i.GSMB)
    i.GSMD                                   0x08000d0c   Section        0  sim800a.o(i.GSMD)
    i.GSM_hex                                0x08000d28   Section        0  sim800a.o(i.GSM_hex)
    i.HardFault_Handler                      0x08000d58   Section        0  stm32f4xx_it.o(i.HardFault_Handler)
    i.I2C2_Configuration                     0x08000d5c   Section        0  i2c_eeprom.o(i.I2C2_Configuration)
    i.I2C_AcknowledgeConfig                  0x08000df0   Section        0  stm32f4xx_i2c.o(i.I2C_AcknowledgeConfig)
    i.I2C_BufferRead                         0x08000e04   Section        0  i2c_eeprom.o(i.I2C_BufferRead)
    i.I2C_BufferWrite                        0x08000efc   Section        0  i2c_eeprom.o(i.I2C_BufferWrite)
    i.I2C_CheckEvent                         0x08000fa8   Section        0  stm32f4xx_i2c.o(i.I2C_CheckEvent)
    i.I2C_Cmd                                0x08000fc0   Section        0  stm32f4xx_i2c.o(i.I2C_Cmd)
    i.I2C_DeInit                             0x08000fd4   Section        0  stm32f4xx_i2c.o(i.I2C_DeInit)
    i.I2C_GenerateSTART                      0x08001018   Section        0  stm32f4xx_i2c.o(i.I2C_GenerateSTART)
    i.I2C_GenerateSTOP                       0x0800102c   Section        0  stm32f4xx_i2c.o(i.I2C_GenerateSTOP)
    i.I2C_GetFlagStatus                      0x08001040   Section        0  stm32f4xx_i2c.o(i.I2C_GetFlagStatus)
    i.I2C_Init                               0x0800106c   Section        0  stm32f4xx_i2c.o(i.I2C_Init)
    i.I2C_ReceiveData                        0x08001124   Section        0  stm32f4xx_i2c.o(i.I2C_ReceiveData)
    i.I2C_Send7bitAddress                    0x0800112a   Section        0  stm32f4xx_i2c.o(i.I2C_Send7bitAddress)
    i.I2C_SendData                           0x0800113a   Section        0  stm32f4xx_i2c.o(i.I2C_SendData)
    i.IWDG_Enable                            0x08001140   Section        0  stm32f4xx_iwdg.o(i.IWDG_Enable)
    i.IWDG_ReloadCounter                     0x08001150   Section        0  stm32f4xx_iwdg.o(i.IWDG_ReloadCounter)
    i.IWDG_SetPrescaler                      0x08001160   Section        0  stm32f4xx_iwdg.o(i.IWDG_SetPrescaler)
    i.IWDG_SetReload                         0x0800116c   Section        0  stm32f4xx_iwdg.o(i.IWDG_SetReload)
    i.IWDG_WriteAccessCmd                    0x08001178   Section        0  stm32f4xx_iwdg.o(i.IWDG_WriteAccessCmd)
    i.MemManage_Handler                      0x08001184   Section        0  stm32f4xx_it.o(i.MemManage_Handler)
    i.NMI_Handler                            0x08001186   Section        0  stm32f4xx_it.o(i.NMI_Handler)
    i.NVIC_Init                              0x08001188   Section        0  misc.o(i.NVIC_Init)
    i.PWK_Off                                0x080011ec   Section        0  sim800a.o(i.PWK_Off)
    i.PWK_On                                 0x080011fc   Section        0  sim800a.o(i.PWK_On)
    i.PendSV_Handler                         0x0800120c   Section        0  stm32f4xx_it.o(i.PendSV_Handler)
    i.RCC_AHB1PeriphClockCmd                 0x08001210   Section        0  stm32f4xx_rcc.o(i.RCC_AHB1PeriphClockCmd)
    i.RCC_APB1PeriphClockCmd                 0x08001228   Section        0  stm32f4xx_rcc.o(i.RCC_APB1PeriphClockCmd)
    i.RCC_APB1PeriphResetCmd                 0x08001240   Section        0  stm32f4xx_rcc.o(i.RCC_APB1PeriphResetCmd)
    i.RCC_APB2PeriphClockCmd                 0x08001258   Section        0  stm32f4xx_rcc.o(i.RCC_APB2PeriphClockCmd)
    i.RCC_GetClocksFreq                      0x08001270   Section        0  stm32f4xx_rcc.o(i.RCC_GetClocksFreq)
    i.RTC_Bcd2ToByte                         0x08001300   Section        0  stm32f4xx_rtc.o(i.RTC_Bcd2ToByte)
    RTC_Bcd2ToByte                           0x08001301   Thumb Code    18  stm32f4xx_rtc.o(i.RTC_Bcd2ToByte)
    i.RTC_GetDate                            0x08001314   Section        0  stm32f4xx_rtc.o(i.RTC_GetDate)
    i.RTC_GetTime                            0x0800135c   Section        0  stm32f4xx_rtc.o(i.RTC_GetTime)
    i.Rs485_respone16                        0x080013a8   Section        0  modbus.o(i.Rs485_respone16)
    i.Rs485_respone3                         0x08001414   Section        0  modbus.o(i.Rs485_respone3)
    i.SVC_Handler                            0x080014b0   Section        0  stm32f4xx_it.o(i.SVC_Handler)
    i.Send_uart_data02                       0x080014b4   Section        0  modbus.o(i.Send_uart_data02)
    i.Send_uart_data15                       0x08001558   Section        0  modbus.o(i.Send_uart_data15)
    i.SetSysClock                            0x08001628   Section        0  system_stm32f4xx.o(i.SetSysClock)
    SetSysClock                              0x08001629   Thumb Code   162  system_stm32f4xx.o(i.SetSysClock)
    i.SysTick_Handler                        0x080016dc   Section        0  basicfunc.o(i.SysTick_Handler)
    i.SystemInit                             0x080016f0   Section        0  system_stm32f4xx.o(i.SystemInit)
    i.USART1_Configuration                   0x08001740   Section        0  modbus.o(i.USART1_Configuration)
    i.USART1_IRQHandler                      0x08001814   Section        0  modbus.o(i.USART1_IRQHandler)
    i.USART2_Configuration                   0x08001aa0   Section        0  modbus.o(i.USART2_Configuration)
    i.USART2_IRQHandler                      0x08001b78   Section        0  modbus.o(i.USART2_IRQHandler)
    i.USART6_Configuration                   0x08001cd4   Section        0  sim800a.o(i.USART6_Configuration)
    i.USART6_IRQHandler                      0x08001da8   Section        0  sim800a.o(i.USART6_IRQHandler)
    i.USART_ClearFlag                        0x0800208c   Section        0  stm32f4xx_usart.o(i.USART_ClearFlag)
    i.USART_Cmd                              0x08002092   Section        0  stm32f4xx_usart.o(i.USART_Cmd)
    i.USART_GetFlagStatus                    0x080020a6   Section        0  stm32f4xx_usart.o(i.USART_GetFlagStatus)
    i.USART_GetITStatus                      0x080020b4   Section        0  stm32f4xx_usart.o(i.USART_GetITStatus)
    i.USART_ITConfig                         0x080020f2   Section        0  stm32f4xx_usart.o(i.USART_ITConfig)
    i.USART_Init                             0x08002124   Section        0  stm32f4xx_usart.o(i.USART_Init)
    i.USART_SendData                         0x080021d0   Section        0  stm32f4xx_usart.o(i.USART_SendData)
    i.Uart_putc                              0x080021d8   Section        0  main.o(i.Uart_putc)
    i.Uart_puts                              0x080021f6   Section        0  main.o(i.Uart_puts)
    i.UsageFault_Handler                     0x0800221e   Section        0  stm32f4xx_it.o(i.UsageFault_Handler)
    i.__NVIC_SystemReset                     0x08002220   Section        0  main.o(i.__NVIC_SystemReset)
    __NVIC_SystemReset                       0x08002221   Thumb Code    26  main.o(i.__NVIC_SystemReset)
    i.__aeabi_errno_addr                     0x08002244   Section        0  errno.o(i.__aeabi_errno_addr)
    i.__scatterload_copy                     0x0800224c   Section       14  handlers.o(i.__scatterload_copy)
    i.__scatterload_null                     0x0800225a   Section        2  handlers.o(i.__scatterload_null)
    i.__scatterload_zeroinit                 0x0800225c   Section       14  handlers.o(i.__scatterload_zeroinit)
    i.as2i                                   0x0800226a   Section        0  basicfunc.o(i.as2i)
    i.ceil                                   0x08002304   Section        0  ceil.o(i.ceil)
    i.check_gprs                             0x080023e0   Section        0  sim800a.o(i.check_gprs)
    i.check_phone                            0x08002454   Section        0  main.o(i.check_phone)
    i.check_signal                           0x08002470   Section        0  sim800a.o(i.check_signal)
    i.check_statusM95                        0x080024a0   Section        0  sim800a.o(i.check_statusM95)
    i.check_statusM95_main                   0x08002510   Section        0  sim800a.o(i.check_statusM95_main)
    i.cne_rst                                0x08002560   Section        0  main.o(i.cne_rst)
    i.daily_rst                              0x080025a8   Section        0  main.o(i.daily_rst)
    i.del_all_mess                           0x080025e4   Section        0  main.o(i.del_all_mess)
    i.hex2asc                                0x08002654   Section        0  basicfunc.o(i.hex2asc)
    i.init_value                             0x080026b0   Section        0  main.o(i.init_value)
    i.main                                   0x080026e4   Section        0  main.o(i.main)
    i.modbus_RTU                             0x08002944   Section        0  modbus.o(i.modbus_RTU)
    i.modbus_RTU_respone                     0x08002970   Section        0  modbus.o(i.modbus_RTU_respone)
    i.process                                0x080029e0   Section        0  main.o(i.process)
    i.push_data2web                          0x080029f4   Section        0  main.o(i.push_data2web)
    i.read_temp                              0x08002ca4   Section        0  main.o(i.read_temp)
    i.read_volt                              0x08002cbc   Section        0  main.o(i.read_volt)
    i.read_write_adam8024                    0x08002cd4   Section        0  main.o(i.read_write_adam8024)
    i.resetBuffer                            0x08002d84   Section        0  sim800a.o(i.resetBuffer)
    i.resetRegisterSlave                     0x08002da0   Section        0  modbus.o(i.resetRegisterSlave)
    i.sendGSM                                0x08002dc4   Section        0  sim800a.o(i.sendGSM)
    i.sms_process                            0x08002de0   Section        0  main.o(i.sms_process)
    i.sms_warning                            0x08002f98   Section        0  main.o(i.sms_warning)
    i.tellDate                               0x08003014   Section        0  rtc_internal.o(i.tellDate)
    i.tellTime                               0x08003038   Section        0  rtc_internal.o(i.tellTime)
    i.toAscii                                0x0800305c   Section        0  basicfunc.o(i.toAscii)
    i.waitRespone                            0x0800309c   Section        0  modbus.o(i.waitRespone)
    .constdata                               0x080030dc   Section      129  ctype_o.o(.constdata)
    .constdata                               0x08003160   Section        4  ctype_o.o(.constdata)
    table                                    0x08003160   Data           4  ctype_o.o(.constdata)
    .data                                    0x20000000   Section     1054  main.o(.data)
    .data                                    0x20000420   Section       20  system_stm32f4xx.o(.data)
    .data                                    0x20000434   Section       16  stm32f4xx_rcc.o(.data)
    APBAHBPrescTable                         0x20000434   Data          16  stm32f4xx_rcc.o(.data)
    .data                                    0x20000444   Section       39  sim800a.o(.data)
    .data                                    0x2000046b   Section        1  sim800a.o(.data)
    .data                                    0x2000046c   Section        2  sim800a.o(.data)
    .data                                    0x20000470   Section       36  modbus.o(.data)
    .data                                    0x20000494   Section        4  basicfunc.o(.data)
    .data                                    0x20000498   Section        4  errno.o(.data)
    _errno                                   0x20000498   Data           4  errno.o(.data)
    .bss                                     0x2000049c   Section      150  main.o(.bss)
    .bss                                     0x20000532   Section     3350  sim800a.o(.bss)
    .bss                                     0x20001248   Section      200  modbus.o(.bss)
    .bss                                     0x20001310   Section       10  rtc_internal.o(.bss)
    .bss                                     0x2000131a   Section       32  adc.o(.bss)
    STACK                                    0x20001340   Section     1024  startup_stm32f4xx.o(STACK)

    Global Symbols

    Symbol Name                              Value     Ov Type        Size  Object(Section)

    BuildAttributes$$THM_ISAv4$E$P$D$K$B$S$7EM$PE$A:L22UL41UL21$X:L11$S22US41US21$IEEE1$IW$USESV6$~STKCKD$USESV7$~SHL$OTIME$ROPI$IEEEJ$EBA8$MICROLIB$REQ8$PRES8$EABIv2 0x00000000   Number         0  anon$$obj.o ABSOLUTE
    __ARM_use_no_argv                        0x00000000   Number         0  main.o ABSOLUTE
    __cpp_initialize__aeabi_                  - Undefined Weak Reference
    __cxa_finalize                            - Undefined Weak Reference
    _clock_init                               - Undefined Weak Reference
    _microlib_exit                            - Undefined Weak Reference
    __Vectors_Size                           0x00000188   Number         0  startup_stm32f4xx.o ABSOLUTE
    __Vectors                                0x08000000   Data           4  startup_stm32f4xx.o(RESET)
    __Vectors_End                            0x08000188   Data           0  startup_stm32f4xx.o(RESET)
    __main                                   0x08000189   Thumb Code     0  entry.o(.ARM.Collect$$$$00000000)
    _main_stk                                0x08000189   Thumb Code     0  entry2.o(.ARM.Collect$$$$00000001)
    _main_scatterload                        0x0800018d   Thumb Code     0  entry5.o(.ARM.Collect$$$$00000004)
    __main_after_scatterload                 0x08000191   Thumb Code     0  entry5.o(.ARM.Collect$$$$00000004)
    _main_clock                              0x08000191   Thumb Code     0  entry7b.o(.ARM.Collect$$$$00000008)
    _main_cpp_init                           0x08000191   Thumb Code     0  entry8b.o(.ARM.Collect$$$$0000000A)
    _main_init                               0x08000191   Thumb Code     0  entry9a.o(.ARM.Collect$$$$0000000B)
    __rt_final_cpp                           0x08000199   Thumb Code     0  entry10a.o(.ARM.Collect$$$$0000000D)
    __rt_final_exit                          0x08000199   Thumb Code     0  entry11a.o(.ARM.Collect$$$$0000000F)
    Reset_Handler                            0x0800019d   Thumb Code     8  startup_stm32f4xx.o(.text)
    ADC_IRQHandler                           0x080001b7   Thumb Code     0  startup_stm32f4xx.o(.text)
    CAN1_RX0_IRQHandler                      0x080001b7   Thumb Code     0  startup_stm32f4xx.o(.text)
    CAN1_RX1_IRQHandler                      0x080001b7   Thumb Code     0  startup_stm32f4xx.o(.text)
    CAN1_SCE_IRQHandler                      0x080001b7   Thumb Code     0  startup_stm32f4xx.o(.text)
    CAN1_TX_IRQHandler                       0x080001b7   Thumb Code     0  startup_stm32f4xx.o(.text)
    CAN2_RX0_IRQHandler                      0x080001b7   Thumb Code     0  startup_stm32f4xx.o(.text)
    CAN2_RX1_IRQHandler                      0x080001b7   Thumb Code     0  startup_stm32f4xx.o(.text)
    CAN2_SCE_IRQHandler                      0x080001b7   Thumb Code     0  startup_stm32f4xx.o(.text)
    CAN2_TX_IRQHandler                       0x080001b7   Thumb Code     0  startup_stm32f4xx.o(.text)
    CRYP_IRQHandler                          0x080001b7   Thumb Code     0  startup_stm32f4xx.o(.text)
    DCMI_IRQHandler                          0x080001b7   Thumb Code     0  startup_stm32f4xx.o(.text)
    DMA1_Stream0_IRQHandler                  0x080001b7   Thumb Code     0  startup_stm32f4xx.o(.text)
    DMA1_Stream1_IRQHandler                  0x080001b7   Thumb Code     0  startup_stm32f4xx.o(.text)
    DMA1_Stream2_IRQHandler                  0x080001b7   Thumb Code     0  startup_stm32f4xx.o(.text)
    DMA1_Stream3_IRQHandler                  0x080001b7   Thumb Code     0  startup_stm32f4xx.o(.text)
    DMA1_Stream4_IRQHandler                  0x080001b7   Thumb Code     0  startup_stm32f4xx.o(.text)
    DMA1_Stream5_IRQHandler                  0x080001b7   Thumb Code     0  startup_stm32f4xx.o(.text)
    DMA1_Stream6_IRQHandler                  0x080001b7   Thumb Code     0  startup_stm32f4xx.o(.text)
    DMA1_Stream7_IRQHandler                  0x080001b7   Thumb Code     0  startup_stm32f4xx.o(.text)
    DMA2_Stream0_IRQHandler                  0x080001b7   Thumb Code     0  startup_stm32f4xx.o(.text)
    DMA2_Stream1_IRQHandler                  0x080001b7   Thumb Code     0  startup_stm32f4xx.o(.text)
    DMA2_Stream2_IRQHandler                  0x080001b7   Thumb Code     0  startup_stm32f4xx.o(.text)
    DMA2_Stream3_IRQHandler                  0x080001b7   Thumb Code     0  startup_stm32f4xx.o(.text)
    DMA2_Stream4_IRQHandler                  0x080001b7   Thumb Code     0  startup_stm32f4xx.o(.text)
    DMA2_Stream5_IRQHandler                  0x080001b7   Thumb Code     0  startup_stm32f4xx.o(.text)
    DMA2_Stream6_IRQHandler                  0x080001b7   Thumb Code     0  startup_stm32f4xx.o(.text)
    DMA2_Stream7_IRQHandler                  0x080001b7   Thumb Code     0  startup_stm32f4xx.o(.text)
    ETH_IRQHandler                           0x080001b7   Thumb Code     0  startup_stm32f4xx.o(.text)
    ETH_WKUP_IRQHandler                      0x080001b7   Thumb Code     0  startup_stm32f4xx.o(.text)
    EXTI0_IRQHandler                         0x080001b7   Thumb Code     0  startup_stm32f4xx.o(.text)
    EXTI15_10_IRQHandler                     0x080001b7   Thumb Code     0  startup_stm32f4xx.o(.text)
    EXTI1_IRQHandler                         0x080001b7   Thumb Code     0  startup_stm32f4xx.o(.text)
    EXTI2_IRQHandler                         0x080001b7   Thumb Code     0  startup_stm32f4xx.o(.text)
    EXTI3_IRQHandler                         0x080001b7   Thumb Code     0  startup_stm32f4xx.o(.text)
    EXTI4_IRQHandler                         0x080001b7   Thumb Code     0  startup_stm32f4xx.o(.text)
    EXTI9_5_IRQHandler                       0x080001b7   Thumb Code     0  startup_stm32f4xx.o(.text)
    FLASH_IRQHandler                         0x080001b7   Thumb Code     0  startup_stm32f4xx.o(.text)
    FPU_IRQHandler                           0x080001b7   Thumb Code     0  startup_stm32f4xx.o(.text)
    FSMC_IRQHandler                          0x080001b7   Thumb Code     0  startup_stm32f4xx.o(.text)
    HASH_RNG_IRQHandler                      0x080001b7   Thumb Code     0  startup_stm32f4xx.o(.text)
    I2C1_ER_IRQHandler                       0x080001b7   Thumb Code     0  startup_stm32f4xx.o(.text)
    I2C1_EV_IRQHandler                       0x080001b7   Thumb Code     0  startup_stm32f4xx.o(.text)
    I2C2_ER_IRQHandler                       0x080001b7   Thumb Code     0  startup_stm32f4xx.o(.text)
    I2C2_EV_IRQHandler                       0x080001b7   Thumb Code     0  startup_stm32f4xx.o(.text)
    I2C3_ER_IRQHandler                       0x080001b7   Thumb Code     0  startup_stm32f4xx.o(.text)
    I2C3_EV_IRQHandler                       0x080001b7   Thumb Code     0  startup_stm32f4xx.o(.text)
    OTG_FS_IRQHandler                        0x080001b7   Thumb Code     0  startup_stm32f4xx.o(.text)
    OTG_FS_WKUP_IRQHandler                   0x080001b7   Thumb Code     0  startup_stm32f4xx.o(.text)
    OTG_HS_EP1_IN_IRQHandler                 0x080001b7   Thumb Code     0  startup_stm32f4xx.o(.text)
    OTG_HS_EP1_OUT_IRQHandler                0x080001b7   Thumb Code     0  startup_stm32f4xx.o(.text)
    OTG_HS_IRQHandler                        0x080001b7   Thumb Code     0  startup_stm32f4xx.o(.text)
    OTG_HS_WKUP_IRQHandler                   0x080001b7   Thumb Code     0  startup_stm32f4xx.o(.text)
    PVD_IRQHandler                           0x080001b7   Thumb Code     0  startup_stm32f4xx.o(.text)
    RCC_IRQHandler                           0x080001b7   Thumb Code     0  startup_stm32f4xx.o(.text)
    RTC_Alarm_IRQHandler                     0x080001b7   Thumb Code     0  startup_stm32f4xx.o(.text)
    RTC_WKUP_IRQHandler                      0x080001b7   Thumb Code     0  startup_stm32f4xx.o(.text)
    SDIO_IRQHandler                          0x080001b7   Thumb Code     0  startup_stm32f4xx.o(.text)
    SPI1_IRQHandler                          0x080001b7   Thumb Code     0  startup_stm32f4xx.o(.text)
    SPI2_IRQHandler                          0x080001b7   Thumb Code     0  startup_stm32f4xx.o(.text)
    SPI3_IRQHandler                          0x080001b7   Thumb Code     0  startup_stm32f4xx.o(.text)
    TAMP_STAMP_IRQHandler                    0x080001b7   Thumb Code     0  startup_stm32f4xx.o(.text)
    TIM1_BRK_TIM9_IRQHandler                 0x080001b7   Thumb Code     0  startup_stm32f4xx.o(.text)
    TIM1_CC_IRQHandler                       0x080001b7   Thumb Code     0  startup_stm32f4xx.o(.text)
    TIM1_TRG_COM_TIM11_IRQHandler            0x080001b7   Thumb Code     0  startup_stm32f4xx.o(.text)
    TIM1_UP_TIM10_IRQHandler                 0x080001b7   Thumb Code     0  startup_stm32f4xx.o(.text)
    TIM2_IRQHandler                          0x080001b7   Thumb Code     0  startup_stm32f4xx.o(.text)
    TIM3_IRQHandler                          0x080001b7   Thumb Code     0  startup_stm32f4xx.o(.text)
    TIM4_IRQHandler                          0x080001b7   Thumb Code     0  startup_stm32f4xx.o(.text)
    TIM5_IRQHandler                          0x080001b7   Thumb Code     0  startup_stm32f4xx.o(.text)
    TIM6_DAC_IRQHandler                      0x080001b7   Thumb Code     0  startup_stm32f4xx.o(.text)
    TIM7_IRQHandler                          0x080001b7   Thumb Code     0  startup_stm32f4xx.o(.text)
    TIM8_BRK_TIM12_IRQHandler                0x080001b7   Thumb Code     0  startup_stm32f4xx.o(.text)
    TIM8_CC_IRQHandler                       0x080001b7   Thumb Code     0  startup_stm32f4xx.o(.text)
    TIM8_TRG_COM_TIM14_IRQHandler            0x080001b7   Thumb Code     0  startup_stm32f4xx.o(.text)
    TIM8_UP_TIM13_IRQHandler                 0x080001b7   Thumb Code     0  startup_stm32f4xx.o(.text)
    UART4_IRQHandler                         0x080001b7   Thumb Code     0  startup_stm32f4xx.o(.text)
    UART5_IRQHandler                         0x080001b7   Thumb Code     0  startup_stm32f4xx.o(.text)
    USART3_IRQHandler                        0x080001b7   Thumb Code     0  startup_stm32f4xx.o(.text)
    WWDG_IRQHandler                          0x080001b7   Thumb Code     0  startup_stm32f4xx.o(.text)
    __aeabi_memset                           0x080001c1   Thumb Code    14  memseta.o(.text)
    __aeabi_memset4                          0x080001c1   Thumb Code     0  memseta.o(.text)
    __aeabi_memset8                          0x080001c1   Thumb Code     0  memseta.o(.text)
    __aeabi_memclr                           0x080001cf   Thumb Code     4  memseta.o(.text)
    __aeabi_memclr4                          0x080001cf   Thumb Code     0  memseta.o(.text)
    __aeabi_memclr8                          0x080001cf   Thumb Code     0  memseta.o(.text)
    _memset$wrapper                          0x080001d3   Thumb Code    18  memseta.o(.text)
    strcmp                                   0x080001e5   Thumb Code    28  strcmp.o(.text)
    atoi                                     0x08000201   Thumb Code    26  atoi.o(.text)
    __aeabi_dmul                             0x0800021b   Thumb Code   228  dmul.o(.text)
    __aeabi_ddiv                             0x080002ff   Thumb Code   222  ddiv.o(.text)
    __ARM_scalbn                             0x080003dd   Thumb Code    46  dscalb.o(.text)
    scalbn                                   0x080003dd   Thumb Code     0  dscalb.o(.text)
    __aeabi_ui2d                             0x0800040b   Thumb Code    26  dfltui.o(.text)
    __aeabi_d2uiz                            0x08000425   Thumb Code    50  dfixui.o(.text)
    __aeabi_d2f                              0x08000457   Thumb Code    56  d2f.o(.text)
    __aeabi_llsr                             0x0800048f   Thumb Code    32  llushr.o(.text)
    _ll_ushift_r                             0x0800048f   Thumb Code     0  llushr.o(.text)
    strtol                                   0x080004af   Thumb Code   112  strtol.o(.text)
    __I$use$fp                               0x0800051f   Thumb Code     0  iusefp.o(.text)
    _float_round                             0x0800051f   Thumb Code    18  fepilogue.o(.text)
    _float_epilogue                          0x08000531   Thumb Code    92  fepilogue.o(.text)
    _double_round                            0x0800058d   Thumb Code    30  depilogue.o(.text)
    _double_epilogue                         0x080005ab   Thumb Code   156  depilogue.o(.text)
    __aeabi_dadd                             0x08000647   Thumb Code   322  dadd.o(.text)
    __aeabi_dsub                             0x08000789   Thumb Code     6  dadd.o(.text)
    __aeabi_drsub                            0x0800078f   Thumb Code     6  dadd.o(.text)
    __aeabi_cdrcmple                         0x08000795   Thumb Code    48  cdrcmple.o(.text)
    __scatterload                            0x080007c5   Thumb Code    28  init.o(.text)
    __scatterload_rt2                        0x080007c5   Thumb Code     0  init.o(.text)
    __aeabi_llsl                             0x080007e9   Thumb Code    30  llshl.o(.text)
    _ll_shift_l                              0x080007e9   Thumb Code     0  llshl.o(.text)
    __aeabi_lasr                             0x08000807   Thumb Code    36  llsshr.o(.text)
    _ll_sshift_r                             0x08000807   Thumb Code     0  llsshr.o(.text)
    __rt_ctype_table                         0x0800082d   Thumb Code     4  ctype_o.o(.text)
    _strtoul                                 0x08000835   Thumb Code   158  _strtoul.o(.text)
    _chval                                   0x080008d3   Thumb Code    28  _chval.o(.text)
    __decompress                             0x080008ef   Thumb Code     0  __dczerorl2.o(.text)
    __decompress1                            0x080008ef   Thumb Code    86  __dczerorl2.o(.text)
    ADC_Cmd                                  0x08000945   Thumb Code    20  stm32f4xx_adc.o(i.ADC_Cmd)
    ADC_CommonInit                           0x08000959   Thumb Code    34  stm32f4xx_adc.o(i.ADC_CommonInit)
    ADC_Config                               0x08000985   Thumb Code   258  adc.o(i.ADC_Config)
    ADC_DMACmd                               0x08000a9d   Thumb Code    20  stm32f4xx_adc.o(i.ADC_DMACmd)
    ADC_DMARequestAfterLastTransferCmd       0x08000ab1   Thumb Code    20  stm32f4xx_adc.o(i.ADC_DMARequestAfterLastTransferCmd)
    ADC_Init                                 0x08000ac5   Thumb Code    66  stm32f4xx_adc.o(i.ADC_Init)
    ADC_RegularChannelConfig                 0x08000b11   Thumb Code   116  stm32f4xx_adc.o(i.ADC_RegularChannelConfig)
    ADC_SoftwareStartConv                    0x08000b85   Thumb Code    10  stm32f4xx_adc.o(i.ADC_SoftwareStartConv)
    BusFault_Handler                         0x08000b8f   Thumb Code     2  stm32f4xx_it.o(i.BusFault_Handler)
    DMA_Cmd                                  0x08000b91   Thumb Code    20  stm32f4xx_dma.o(i.DMA_Cmd)
    DMA_Init                                 0x08000ba5   Thumb Code    80  stm32f4xx_dma.o(i.DMA_Init)
    DebugMon_Handler                         0x08000bf9   Thumb Code     2  stm32f4xx_it.o(i.DebugMon_Handler)
    Delay                                    0x08000bfd   Thumb Code    16  basicfunc.o(i.Delay)
    GPIO_Init                                0x08000c11   Thumb Code   162  stm32f4xx_gpio.o(i.GPIO_Init)
    GPIO_PinAFConfig                         0x08000cb3   Thumb Code    32  stm32f4xx_gpio.o(i.GPIO_PinAFConfig)
    GPIO_ResetBits                           0x08000cd3   Thumb Code     4  stm32f4xx_gpio.o(i.GPIO_ResetBits)
    GPIO_SetBits                             0x08000cd7   Thumb Code     4  stm32f4xx_gpio.o(i.GPIO_SetBits)
    GSM                                      0x08000cdd   Thumb Code     8  sim800a.o(i.GSM)
    GSMB                                     0x08000ce9   Thumb Code    32  sim800a.o(i.GSMB)
    GSMD                                     0x08000d0d   Thumb Code    22  sim800a.o(i.GSMD)
    GSM_hex                                  0x08000d29   Thumb Code    44  sim800a.o(i.GSM_hex)
    HardFault_Handler                        0x08000d59   Thumb Code     2  stm32f4xx_it.o(i.HardFault_Handler)
    I2C2_Configuration                       0x08000d5d   Thumb Code   136  i2c_eeprom.o(i.I2C2_Configuration)
    I2C_AcknowledgeConfig                    0x08000df1   Thumb Code    20  stm32f4xx_i2c.o(i.I2C_AcknowledgeConfig)
    I2C_BufferRead                           0x08000e05   Thumb Code   240  i2c_eeprom.o(i.I2C_BufferRead)
    I2C_BufferWrite                          0x08000efd   Thumb Code   162  i2c_eeprom.o(i.I2C_BufferWrite)
    I2C_CheckEvent                           0x08000fa9   Thumb Code    24  stm32f4xx_i2c.o(i.I2C_CheckEvent)
    I2C_Cmd                                  0x08000fc1   Thumb Code    20  stm32f4xx_i2c.o(i.I2C_Cmd)
    I2C_DeInit                               0x08000fd5   Thumb Code    56  stm32f4xx_i2c.o(i.I2C_DeInit)
    I2C_GenerateSTART                        0x08001019   Thumb Code    20  stm32f4xx_i2c.o(i.I2C_GenerateSTART)
    I2C_GenerateSTOP                         0x0800102d   Thumb Code    20  stm32f4xx_i2c.o(i.I2C_GenerateSTOP)
    I2C_GetFlagStatus                        0x08001041   Thumb Code    42  stm32f4xx_i2c.o(i.I2C_GetFlagStatus)
    I2C_Init                                 0x0800106d   Thumb Code   174  stm32f4xx_i2c.o(i.I2C_Init)
    I2C_ReceiveData                          0x08001125   Thumb Code     6  stm32f4xx_i2c.o(i.I2C_ReceiveData)
    I2C_Send7bitAddress                      0x0800112b   Thumb Code    16  stm32f4xx_i2c.o(i.I2C_Send7bitAddress)
    I2C_SendData                             0x0800113b   Thumb Code     4  stm32f4xx_i2c.o(i.I2C_SendData)
    IWDG_Enable                              0x08001141   Thumb Code    10  stm32f4xx_iwdg.o(i.IWDG_Enable)
    IWDG_ReloadCounter                       0x08001151   Thumb Code    10  stm32f4xx_iwdg.o(i.IWDG_ReloadCounter)
    IWDG_SetPrescaler                        0x08001161   Thumb Code     6  stm32f4xx_iwdg.o(i.IWDG_SetPrescaler)
    IWDG_SetReload                           0x0800116d   Thumb Code     6  stm32f4xx_iwdg.o(i.IWDG_SetReload)
    IWDG_WriteAccessCmd                      0x08001179   Thumb Code     6  stm32f4xx_iwdg.o(i.IWDG_WriteAccessCmd)
    MemManage_Handler                        0x08001185   Thumb Code     2  stm32f4xx_it.o(i.MemManage_Handler)
    NMI_Handler                              0x08001187   Thumb Code     2  stm32f4xx_it.o(i.NMI_Handler)
    NVIC_Init                                0x08001189   Thumb Code    96  misc.o(i.NVIC_Init)
    PWK_Off                                  0x080011ed   Thumb Code    10  sim800a.o(i.PWK_Off)
    PWK_On                                   0x080011fd   Thumb Code    10  sim800a.o(i.PWK_On)
    PendSV_Handler                           0x0800120d   Thumb Code     2  stm32f4xx_it.o(i.PendSV_Handler)
    RCC_AHB1PeriphClockCmd                   0x08001211   Thumb Code    18  stm32f4xx_rcc.o(i.RCC_AHB1PeriphClockCmd)
    RCC_APB1PeriphClockCmd                   0x08001229   Thumb Code    18  stm32f4xx_rcc.o(i.RCC_APB1PeriphClockCmd)
    RCC_APB1PeriphResetCmd                   0x08001241   Thumb Code    18  stm32f4xx_rcc.o(i.RCC_APB1PeriphResetCmd)
    RCC_APB2PeriphClockCmd                   0x08001259   Thumb Code    18  stm32f4xx_rcc.o(i.RCC_APB2PeriphClockCmd)
    RCC_GetClocksFreq                        0x08001271   Thumb Code   132  stm32f4xx_rcc.o(i.RCC_GetClocksFreq)
    RTC_GetDate                              0x08001315   Thumb Code    64  stm32f4xx_rtc.o(i.RTC_GetDate)
    RTC_GetTime                              0x0800135d   Thumb Code    68  stm32f4xx_rtc.o(i.RTC_GetTime)
    Rs485_respone16                          0x080013a9   Thumb Code    98  modbus.o(i.Rs485_respone16)
    Rs485_respone3                           0x08001415   Thumb Code   142  modbus.o(i.Rs485_respone3)
    SVC_Handler                              0x080014b1   Thumb Code     2  stm32f4xx_it.o(i.SVC_Handler)
    Send_uart_data02                         0x080014b5   Thumb Code   150  modbus.o(i.Send_uart_data02)
    Send_uart_data15                         0x08001559   Thumb Code   194  modbus.o(i.Send_uart_data15)
    SysTick_Handler                          0x080016dd   Thumb Code    16  basicfunc.o(i.SysTick_Handler)
    SystemInit                               0x080016f1   Thumb Code    62  system_stm32f4xx.o(i.SystemInit)
    USART1_Configuration                     0x08001741   Thumb Code   200  modbus.o(i.USART1_Configuration)
    USART1_IRQHandler                        0x08001815   Thumb Code   640  modbus.o(i.USART1_IRQHandler)
    USART2_Configuration                     0x08001aa1   Thumb Code   208  modbus.o(i.USART2_Configuration)
    USART2_IRQHandler                        0x08001b79   Thumb Code   336  modbus.o(i.USART2_IRQHandler)
    USART6_Configuration                     0x08001cd5   Thumb Code   200  sim800a.o(i.USART6_Configuration)
    USART6_IRQHandler                        0x08001da9   Thumb Code   626  sim800a.o(i.USART6_IRQHandler)
    USART_ClearFlag                          0x0800208d   Thumb Code     6  stm32f4xx_usart.o(i.USART_ClearFlag)
    USART_Cmd                                0x08002093   Thumb Code    20  stm32f4xx_usart.o(i.USART_Cmd)
    USART_GetFlagStatus                      0x080020a7   Thumb Code    14  stm32f4xx_usart.o(i.USART_GetFlagStatus)
    USART_GetITStatus                        0x080020b5   Thumb Code    62  stm32f4xx_usart.o(i.USART_GetITStatus)
    USART_ITConfig                           0x080020f3   Thumb Code    48  stm32f4xx_usart.o(i.USART_ITConfig)
    USART_Init                               0x08002125   Thumb Code   164  stm32f4xx_usart.o(i.USART_Init)
    USART_SendData                           0x080021d1   Thumb Code     8  stm32f4xx_usart.o(i.USART_SendData)
    Uart_putc                                0x080021d9   Thumb Code    30  main.o(i.Uart_putc)
    Uart_puts                                0x080021f7   Thumb Code    40  main.o(i.Uart_puts)
    UsageFault_Handler                       0x0800221f   Thumb Code     2  stm32f4xx_it.o(i.UsageFault_Handler)
    __aeabi_errno_addr                       0x08002245   Thumb Code     4  errno.o(i.__aeabi_errno_addr)
    __rt_errno_addr                          0x08002245   Thumb Code     0  errno.o(i.__aeabi_errno_addr)
    __scatterload_copy                       0x0800224d   Thumb Code    14  handlers.o(i.__scatterload_copy)
    __scatterload_null                       0x0800225b   Thumb Code     2  handlers.o(i.__scatterload_null)
    __scatterload_zeroinit                   0x0800225d   Thumb Code    14  handlers.o(i.__scatterload_zeroinit)
    as2i                                     0x0800226b   Thumb Code   152  basicfunc.o(i.as2i)
    ceil                                     0x08002305   Thumb Code   204  ceil.o(i.ceil)
    check_gprs                               0x080023e1   Thumb Code    56  sim800a.o(i.check_gprs)
    check_phone                              0x08002455   Thumb Code    28  main.o(i.check_phone)
    check_signal                             0x08002471   Thumb Code    30  sim800a.o(i.check_signal)
    check_statusM95                          0x080024a1   Thumb Code   104  sim800a.o(i.check_statusM95)
    check_statusM95_main                     0x08002511   Thumb Code    72  sim800a.o(i.check_statusM95_main)
    cne_rst                                  0x08002561   Thumb Code    64  main.o(i.cne_rst)
    daily_rst                                0x080025a9   Thumb Code    52  main.o(i.daily_rst)
    del_all_mess                             0x080025e5   Thumb Code    72  main.o(i.del_all_mess)
    hex2asc                                  0x08002655   Thumb Code    92  basicfunc.o(i.hex2asc)
    init_value                               0x080026b1   Thumb Code    42  main.o(i.init_value)
    main                                     0x080026e5   Thumb Code   536  main.o(i.main)
    modbus_RTU                               0x08002945   Thumb Code    44  modbus.o(i.modbus_RTU)
    modbus_RTU_respone                       0x08002971   Thumb Code   108  modbus.o(i.modbus_RTU_respone)
    process                                  0x080029e1   Thumb Code    18  main.o(i.process)
    push_data2web                            0x080029f5   Thumb Code   428  main.o(i.push_data2web)
    read_temp                                0x08002ca5   Thumb Code    16  main.o(i.read_temp)
    read_volt                                0x08002cbd   Thumb Code    16  main.o(i.read_volt)
    read_write_adam8024                      0x08002cd5   Thumb Code   164  main.o(i.read_write_adam8024)
    resetBuffer                              0x08002d85   Thumb Code    20  sim800a.o(i.resetBuffer)
    resetRegisterSlave                       0x08002da1   Thumb Code    26  modbus.o(i.resetRegisterSlave)
    sendGSM                                  0x08002dc5   Thumb Code    22  sim800a.o(i.sendGSM)
    sms_process                              0x08002de1   Thumb Code   334  main.o(i.sms_process)
    sms_warning                              0x08002f99   Thumb Code    82  main.o(i.sms_warning)
    tellDate                                 0x08003015   Thumb Code    32  rtc_internal.o(i.tellDate)
    tellTime                                 0x08003039   Thumb Code    32  rtc_internal.o(i.tellTime)
    toAscii                                  0x0800305d   Thumb Code    62  basicfunc.o(i.toAscii)
    waitRespone                              0x0800309d   Thumb Code    52  modbus.o(i.waitRespone)
    __ctype_table                            0x080030dc   Data         129  ctype_o.o(.constdata)
    Region$$Table$$Base                      0x08003164   Number         0  anon$$obj.o(Region$$Table)
    Region$$Table$$Limit                     0x08003184   Number         0  anon$$obj.o(Region$$Table)
    oldRead                                  0x20000000   Data           1  main.o(.data)
    bias                                     0x20000001   Data           1  main.o(.data)
    passCheck                                0x20000002   Data           1  main.o(.data)
    passCheck1                               0x20000003   Data           1  main.o(.data)
    temp                                     0x20000004   Data           2  main.o(.data)
    volt                                     0x20000006   Data           2  main.o(.data)
    loadBias                                 0x20000008   Data           2  main.o(.data)
    cntAlarm                                 0x2000000c   Data           4  main.o(.data)
    rst                                      0x20000010   Data           4  main.o(.data)
    rstIWDG                                  0x20000014   Data           4  main.o(.data)
    cntEqual                                 0x20000018   Data           4  main.o(.data)
    cntNEqual                                0x2000001c   Data           4  main.o(.data)
    cntSum                                   0x20000020   Data           4  main.o(.data)
    tempVxl                                  0x20000024   Data           4  main.o(.data)
    src                                      0x20000028   Data           4  main.o(.data)
    rstChange                                0x2000002c   Data           5  main.o(.data)
    enaSms                                   0x20000031   Data           5  main.o(.data)
    sdt                                      0x20000036   Data        1000  main.o(.data)
    SystemCoreClock                          0x20000420   Data           4  system_stm32f4xx.o(.data)
    AHBPrescTable                            0x20000424   Data          16  system_stm32f4xx.o(.data)
    stepConn                                 0x20000444   Data           1  sim800a.o(.data)
    parseStateSim                            0x20000445   Data           1  sim800a.o(.data)
    statusM95                                0x20000446   Data           1  sim800a.o(.data)
    simEna                                   0x20000447   Data           1  sim800a.o(.data)
    staM95                                   0x20000448   Data           1  sim800a.o(.data)
    Signal                                   0x20000449   Data           1  sim800a.o(.data)
    pos_phone                                0x2000044a   Data           1  sim800a.o(.data)
    pos_mess                                 0x2000044b   Data           1  sim800a.o(.data)
    pos                                      0x2000044c   Data           2  sim800a.o(.data)
    sms_row                                  0x2000044e   Data           2  sim800a.o(.data)
    sms_col                                  0x20000450   Data           2  sim800a.o(.data)
    len_sdt                                  0x20000452   Data           2  sim800a.o(.data)
    row                                      0x20000454   Data           4  sim800a.o(.data)
    col                                      0x20000458   Data           4  sim800a.o(.data)
    staCreg                                  0x2000045c   Data           5  sim800a.o(.data)
    staCgatt                                 0x20000461   Data           5  sim800a.o(.data)
    staCSQ                                   0x20000466   Data           5  sim800a.o(.data)
    simGPRS                                  0x2000046b   Data           1  sim800a.o(.data)
    num_sdt                                  0x2000046c   Data           2  sim800a.o(.data)
    FcrcLo                                   0x20000470   Data           1  modbus.o(.data)
    FcrcHi                                   0x20000471   Data           1  modbus.o(.data)
    F1crcLo                                  0x20000472   Data           1  modbus.o(.data)
    F1crcHi                                  0x20000473   Data           1  modbus.o(.data)
    parseState                               0x20000474   Data           1  modbus.o(.data)
    funcWaiting                              0x20000475   Data           1  modbus.o(.data)
    sadd                                     0x20000476   Data           1  modbus.o(.data)
    crcLo3i                                  0x20000477   Data           1  modbus.o(.data)
    crcLo3o                                  0x20000478   Data           1  modbus.o(.data)
    crcHi3i                                  0x20000479   Data           1  modbus.o(.data)
    crcHi3o                                  0x2000047a   Data           1  modbus.o(.data)
    start3                                   0x2000047b   Data           1  modbus.o(.data)
    FC3                                      0x2000047c   Data           1  modbus.o(.data)
    Fcrc                                     0x2000047e   Data           2  modbus.o(.data)
    F1crc                                    0x20000480   Data           2  modbus.o(.data)
    cnt                                      0x20000482   Data           2  modbus.o(.data)
    crc3i                                    0x20000484   Data           2  modbus.o(.data)
    crc3o                                    0x20000486   Data           2  modbus.o(.data)
    cnt3                                     0x20000488   Data           2  modbus.o(.data)
    SA3                                      0x2000048a   Data           2  modbus.o(.data)
    L3                                       0x2000048c   Data           2  modbus.o(.data)
    cntTimeOutFunc                           0x20000490   Data           4  modbus.o(.data)
    TimmingDelay                             0x20000494   Data           4  basicfunc.o(.data)
    t1                                       0x2000049c   Data          30  main.o(.bss)
    t2                                       0x200004ba   Data          30  main.o(.bss)
    t3                                       0x200004d8   Data          30  main.o(.bss)
    t4                                       0x200004f6   Data          30  main.o(.bss)
    ADAM8024_out                             0x20000514   Data          10  main.o(.bss)
    ADAM8024_in                              0x2000051e   Data          10  main.o(.bss)
    DO                                       0x20000528   Data          10  main.o(.bss)
    buffer                                   0x20000532   Data         300  sim800a.o(.bss)
    web                                      0x2000065e   Data         300  sim800a.o(.bss)
    sms_phone                                0x2000078a   Data          50  sim800a.o(.bss)
    sms_mess                                 0x200007bc   Data         200  sim800a.o(.bss)
    sms_mess_split                           0x20000884   Data        2500  sim800a.o(.bss)
    temp_data                                0x20001248   Data         100  modbus.o(.bss)
    received_data                            0x200012ac   Data          30  modbus.o(.bss)
    received_str                             0x200012ca   Data          50  modbus.o(.bss)
    received_str3                            0x200012fc   Data          20  modbus.o(.bss)
    aShowTime                                0x20001310   Data          10  rtc_internal.o(.bss)
    adc                                      0x2000131a   Data          32  adc.o(.bss)
    __initial_sp                             0x20001740   Data           0  startup_stm32f4xx.o(STACK)



==============================================================================

Memory Map of the image

  Image Entry point : 0x08000189

  Load Region LR_IROM1 (Base: 0x08000000, Size: 0x00003620, Max: 0x00080000, ABSOLUTE, COMPRESSED[0x000031bc])

    Execution Region ER_IROM1 (Base: 0x08000000, Size: 0x00003184, Max: 0x00080000, ABSOLUTE)

    Base Addr    Size         Type   Attr      Idx    E Section Name        Object

    0x08000000   0x00000188   Data   RO          415    RESET               startup_stm32f4xx.o
    0x08000188   0x00000000   Code   RO         2604  * .ARM.Collect$$$$00000000  mc_w.l(entry.o)
    0x08000188   0x00000004   Code   RO         2625    .ARM.Collect$$$$00000001  mc_w.l(entry2.o)
    0x0800018c   0x00000004   Code   RO         2628    .ARM.Collect$$$$00000004  mc_w.l(entry5.o)
    0x08000190   0x00000000   Code   RO         2630    .ARM.Collect$$$$00000008  mc_w.l(entry7b.o)
    0x08000190   0x00000000   Code   RO         2632    .ARM.Collect$$$$0000000A  mc_w.l(entry8b.o)
    0x08000190   0x00000008   Code   RO         2633    .ARM.Collect$$$$0000000B  mc_w.l(entry9a.o)
    0x08000198   0x00000000   Code   RO         2635    .ARM.Collect$$$$0000000D  mc_w.l(entry10a.o)
    0x08000198   0x00000000   Code   RO         2637    .ARM.Collect$$$$0000000F  mc_w.l(entry11a.o)
    0x08000198   0x00000004   Code   RO         2626    .ARM.Collect$$$$00002712  mc_w.l(entry2.o)
    0x0800019c   0x00000024   Code   RO          416    .text               startup_stm32f4xx.o
    0x080001c0   0x00000024   Code   RO         2607    .text               mc_w.l(memseta.o)
    0x080001e4   0x0000001c   Code   RO         2609    .text               mc_w.l(strcmp.o)
    0x08000200   0x0000001a   Code   RO         2611    .text               mc_w.l(atoi.o)
    0x0800021a   0x000000e4   Code   RO         2613    .text               mf_w.l(dmul.o)
    0x080002fe   0x000000de   Code   RO         2615    .text               mf_w.l(ddiv.o)
    0x080003dc   0x0000002e   Code   RO         2617    .text               mf_w.l(dscalb.o)
    0x0800040a   0x0000001a   Code   RO         2619    .text               mf_w.l(dfltui.o)
    0x08000424   0x00000032   Code   RO         2621    .text               mf_w.l(dfixui.o)
    0x08000456   0x00000038   Code   RO         2623    .text               mf_w.l(d2f.o)
    0x0800048e   0x00000020   Code   RO         2639    .text               mc_w.l(llushr.o)
    0x080004ae   0x00000070   Code   RO         2648    .text               mc_w.l(strtol.o)
    0x0800051e   0x00000000   Code   RO         2650    .text               mc_w.l(iusefp.o)
    0x0800051e   0x0000006e   Code   RO         2651    .text               mf_w.l(fepilogue.o)
    0x0800058c   0x000000ba   Code   RO         2653    .text               mf_w.l(depilogue.o)
    0x08000646   0x0000014e   Code   RO         2655    .text               mf_w.l(dadd.o)
    0x08000794   0x00000030   Code   RO         2657    .text               mf_w.l(cdrcmple.o)
    0x080007c4   0x00000024   Code   RO         2659    .text               mc_w.l(init.o)
    0x080007e8   0x0000001e   Code   RO         2661    .text               mc_w.l(llshl.o)
    0x08000806   0x00000024   Code   RO         2663    .text               mc_w.l(llsshr.o)
    0x0800082a   0x00000002   PAD
    0x0800082c   0x00000008   Code   RO         2665    .text               mc_w.l(ctype_o.o)
    0x08000834   0x0000009e   Code   RO         2693    .text               mc_w.l(_strtoul.o)
    0x080008d2   0x0000001c   Code   RO         2695    .text               mc_w.l(_chval.o)
    0x080008ee   0x00000056   Code   RO         2705    .text               mc_w.l(__dczerorl2.o)
    0x08000944   0x00000014   Code   RO         1967    i.ADC_Cmd           stm32f4xx_adc.o
    0x08000958   0x0000002c   Code   RO         1968    i.ADC_CommonInit    stm32f4xx_adc.o
    0x08000984   0x00000118   Code   RO         1931    i.ADC_Config        adc.o
    0x08000a9c   0x00000014   Code   RO         1971    i.ADC_DMACmd        stm32f4xx_adc.o
    0x08000ab0   0x00000014   Code   RO         1972    i.ADC_DMARequestAfterLastTransferCmd  stm32f4xx_adc.o
    0x08000ac4   0x0000004c   Code   RO         1987    i.ADC_Init          stm32f4xx_adc.o
    0x08000b10   0x00000074   Code   RO         1992    i.ADC_RegularChannelConfig  stm32f4xx_adc.o
    0x08000b84   0x0000000a   Code   RO         1994    i.ADC_SoftwareStartConv  stm32f4xx_adc.o
    0x08000b8e   0x00000002   Code   RO            4    i.BusFault_Handler  stm32f4xx_it.o
    0x08000b90   0x00000014   Code   RO         2209    i.DMA_Cmd           stm32f4xx_dma.o
    0x08000ba4   0x00000054   Code   RO         2221    i.DMA_Init          stm32f4xx_dma.o
    0x08000bf8   0x00000002   Code   RO            5    i.DebugMon_Handler  stm32f4xx_it.o
    0x08000bfa   0x00000002   PAD
    0x08000bfc   0x00000014   Code   RO         1313    i.Delay             basicfunc.o
    0x08000c10   0x000000a2   Code   RO          472    i.GPIO_Init         stm32f4xx_gpio.o
    0x08000cb2   0x00000020   Code   RO          473    i.GPIO_PinAFConfig  stm32f4xx_gpio.o
    0x08000cd2   0x00000004   Code   RO          479    i.GPIO_ResetBits    stm32f4xx_gpio.o
    0x08000cd6   0x00000004   Code   RO          480    i.GPIO_SetBits      stm32f4xx_gpio.o
    0x08000cda   0x00000002   PAD
    0x08000cdc   0x0000000c   Code   RO         1049    i.GSM               sim800a.o
    0x08000ce8   0x00000024   Code   RO         1050    i.GSMB              sim800a.o
    0x08000d0c   0x0000001c   Code   RO         1051    i.GSMD              sim800a.o
    0x08000d28   0x00000030   Code   RO         1053    i.GSM_hex           sim800a.o
    0x08000d58   0x00000002   Code   RO            6    i.HardFault_Handler  stm32f4xx_it.o
    0x08000d5a   0x00000002   PAD
    0x08000d5c   0x00000094   Code   RO         2339    i.I2C2_Configuration  i2c_eeprom.o
    0x08000df0   0x00000014   Code   RO         2388    i.I2C_AcknowledgeConfig  stm32f4xx_i2c.o
    0x08000e04   0x000000f8   Code   RO         2340    i.I2C_BufferRead    i2c_eeprom.o
    0x08000efc   0x000000ac   Code   RO         2341    i.I2C_BufferWrite   i2c_eeprom.o
    0x08000fa8   0x00000018   Code   RO         2390    i.I2C_CheckEvent    stm32f4xx_i2c.o
    0x08000fc0   0x00000014   Code   RO         2393    i.I2C_Cmd           stm32f4xx_i2c.o
    0x08000fd4   0x00000044   Code   RO         2396    i.I2C_DeInit        stm32f4xx_i2c.o
    0x08001018   0x00000014   Code   RO         2400    i.I2C_GenerateSTART  stm32f4xx_i2c.o
    0x0800102c   0x00000014   Code   RO         2401    i.I2C_GenerateSTOP  stm32f4xx_i2c.o
    0x08001040   0x0000002a   Code   RO         2402    i.I2C_GetFlagStatus  stm32f4xx_i2c.o
    0x0800106a   0x00000002   PAD
    0x0800106c   0x000000b8   Code   RO         2407    i.I2C_Init          stm32f4xx_i2c.o
    0x08001124   0x00000006   Code   RO         2412    i.I2C_ReceiveData   stm32f4xx_i2c.o
    0x0800112a   0x00000010   Code   RO         2414    i.I2C_Send7bitAddress  stm32f4xx_i2c.o
    0x0800113a   0x00000004   Code   RO         2415    i.I2C_SendData      stm32f4xx_i2c.o
    0x0800113e   0x00000002   PAD
    0x08001140   0x00000010   Code   RO         1877    i.IWDG_Enable       stm32f4xx_iwdg.o
    0x08001150   0x00000010   Code   RO         1879    i.IWDG_ReloadCounter  stm32f4xx_iwdg.o
    0x08001160   0x0000000c   Code   RO         1880    i.IWDG_SetPrescaler  stm32f4xx_iwdg.o
    0x0800116c   0x0000000c   Code   RO         1881    i.IWDG_SetReload    stm32f4xx_iwdg.o
    0x08001178   0x0000000c   Code   RO         1882    i.IWDG_WriteAccessCmd  stm32f4xx_iwdg.o
    0x08001184   0x00000002   Code   RO            7    i.MemManage_Handler  stm32f4xx_it.o
    0x08001186   0x00000002   Code   RO            8    i.NMI_Handler       stm32f4xx_it.o
    0x08001188   0x00000064   Code   RO          423    i.NVIC_Init         misc.o
    0x080011ec   0x00000010   Code   RO         1054    i.PWK_Off           sim800a.o
    0x080011fc   0x00000010   Code   RO         1055    i.PWK_On            sim800a.o
    0x0800120c   0x00000002   Code   RO            9    i.PendSV_Handler    stm32f4xx_it.o
    0x0800120e   0x00000002   PAD
    0x08001210   0x00000018   Code   RO          573    i.RCC_AHB1PeriphClockCmd  stm32f4xx_rcc.o
    0x08001228   0x00000018   Code   RO          582    i.RCC_APB1PeriphClockCmd  stm32f4xx_rcc.o
    0x08001240   0x00000018   Code   RO          584    i.RCC_APB1PeriphResetCmd  stm32f4xx_rcc.o
    0x08001258   0x00000018   Code   RO          585    i.RCC_APB2PeriphClockCmd  stm32f4xx_rcc.o
    0x08001270   0x00000090   Code   RO          594    i.RCC_GetClocksFreq  stm32f4xx_rcc.o
    0x08001300   0x00000012   Code   RO         1522    i.RTC_Bcd2ToByte    stm32f4xx_rtc.o
    0x08001312   0x00000002   PAD
    0x08001314   0x00000048   Code   RO         1538    i.RTC_GetDate       stm32f4xx_rtc.o
    0x0800135c   0x0000004c   Code   RO         1543    i.RTC_GetTime       stm32f4xx_rtc.o
    0x080013a8   0x0000006c   Code   RO         1177    i.Rs485_respone16   modbus.o
    0x08001414   0x0000009c   Code   RO         1178    i.Rs485_respone3    modbus.o
    0x080014b0   0x00000002   Code   RO           10    i.SVC_Handler       stm32f4xx_it.o
    0x080014b2   0x00000002   PAD
    0x080014b4   0x000000a4   Code   RO         1181    i.Send_uart_data02  modbus.o
    0x08001558   0x000000d0   Code   RO         1184    i.Send_uart_data15  modbus.o
    0x08001628   0x000000b4   Code   RO          375    i.SetSysClock       system_stm32f4xx.o
    0x080016dc   0x00000014   Code   RO         1314    i.SysTick_Handler   basicfunc.o
    0x080016f0   0x00000050   Code   RO          377    i.SystemInit        system_stm32f4xx.o
    0x08001740   0x000000d4   Code   RO         1186    i.USART1_Configuration  modbus.o
    0x08001814   0x0000028c   Code   RO         1187    i.USART1_IRQHandler  modbus.o
    0x08001aa0   0x000000d8   Code   RO         1188    i.USART2_Configuration  modbus.o
    0x08001b78   0x0000015c   Code   RO         1189    i.USART2_IRQHandler  modbus.o
    0x08001cd4   0x000000d4   Code   RO         1056    i.USART6_Configuration  sim800a.o
    0x08001da8   0x000002e4   Code   RO         1057    i.USART6_IRQHandler  sim800a.o
    0x0800208c   0x00000006   Code   RO          857    i.USART_ClearFlag   stm32f4xx_usart.o
    0x08002092   0x00000014   Code   RO          861    i.USART_Cmd         stm32f4xx_usart.o
    0x080020a6   0x0000000e   Code   RO          864    i.USART_GetFlagStatus  stm32f4xx_usart.o
    0x080020b4   0x0000003e   Code   RO          865    i.USART_GetITStatus  stm32f4xx_usart.o
    0x080020f2   0x00000030   Code   RO          867    i.USART_ITConfig    stm32f4xx_usart.o
    0x08002122   0x00000002   PAD
    0x08002124   0x000000ac   Code   RO          868    i.USART_Init        stm32f4xx_usart.o
    0x080021d0   0x00000008   Code   RO          878    i.USART_SendData    stm32f4xx_usart.o
    0x080021d8   0x0000001e   Code   RO          190    i.Uart_putc         main.o
    0x080021f6   0x00000028   Code   RO          191    i.Uart_puts         main.o
    0x0800221e   0x00000002   Code   RO           11    i.UsageFault_Handler  stm32f4xx_it.o
    0x08002220   0x00000024   Code   RO          192    i.__NVIC_SystemReset  main.o
    0x08002244   0x00000008   Code   RO         2641    i.__aeabi_errno_addr  mc_w.l(errno.o)
    0x0800224c   0x0000000e   Code   RO         2699    i.__scatterload_copy  mc_w.l(handlers.o)
    0x0800225a   0x00000002   Code   RO         2700    i.__scatterload_null  mc_w.l(handlers.o)
    0x0800225c   0x0000000e   Code   RO         2701    i.__scatterload_zeroinit  mc_w.l(handlers.o)
    0x0800226a   0x00000098   Code   RO         1315    i.as2i              basicfunc.o
    0x08002302   0x00000002   PAD
    0x08002304   0x000000dc   Code   RO         2601    i.ceil              m_ws.l(ceil.o)
    0x080023e0   0x00000074   Code   RO         1058    i.check_gprs        sim800a.o
    0x08002454   0x0000001c   Code   RO          194    i.check_phone       main.o
    0x08002470   0x00000030   Code   RO         1059    i.check_signal      sim800a.o
    0x080024a0   0x00000070   Code   RO         1060    i.check_statusM95   sim800a.o
    0x08002510   0x00000050   Code   RO         1061    i.check_statusM95_main  sim800a.o
    0x08002560   0x00000048   Code   RO          195    i.cne_rst           main.o
    0x080025a8   0x0000003c   Code   RO          196    i.daily_rst         main.o
    0x080025e4   0x00000070   Code   RO          197    i.del_all_mess      main.o
    0x08002654   0x0000005c   Code   RO         1317    i.hex2asc           basicfunc.o
    0x080026b0   0x00000034   Code   RO          198    i.init_value        main.o
    0x080026e4   0x00000260   Code   RO          199    i.main              main.o
    0x08002944   0x0000002c   Code   RO         1190    i.modbus_RTU        modbus.o
    0x08002970   0x00000070   Code   RO         1191    i.modbus_RTU_respone  modbus.o
    0x080029e0   0x00000012   Code   RO          200    i.process           main.o
    0x080029f2   0x00000002   PAD
    0x080029f4   0x000002b0   Code   RO          201    i.push_data2web     main.o
    0x08002ca4   0x00000018   Code   RO          202    i.read_temp         main.o
    0x08002cbc   0x00000018   Code   RO          203    i.read_volt         main.o
    0x08002cd4   0x000000b0   Code   RO          204    i.read_write_adam8024  main.o
    0x08002d84   0x0000001c   Code   RO         1062    i.resetBuffer       sim800a.o
    0x08002da0   0x00000024   Code   RO         1192    i.resetRegisterSlave  modbus.o
    0x08002dc4   0x0000001c   Code   RO         1063    i.sendGSM           sim800a.o
    0x08002de0   0x000001b8   Code   RO          205    i.sms_process       main.o
    0x08002f98   0x0000007c   Code   RO          206    i.sms_warning       main.o
    0x08003014   0x00000024   Code   RO         1383    i.tellDate          rtc_internal.o
    0x08003038   0x00000024   Code   RO         1384    i.tellTime          rtc_internal.o
    0x0800305c   0x0000003e   Code   RO         1318    i.toAscii           basicfunc.o
    0x0800309a   0x00000002   PAD
    0x0800309c   0x00000040   Code   RO         1194    i.waitRespone       modbus.o
    0x080030dc   0x00000081   Data   RO         2666    .constdata          mc_w.l(ctype_o.o)
    0x0800315d   0x00000003   PAD
    0x08003160   0x00000004   Data   RO         2667    .constdata          mc_w.l(ctype_o.o)
    0x08003164   0x00000020   Data   RO         2697    Region$$Table       anon$$obj.o


    Execution Region RW_IRAM1 (Base: 0x20000000, Size: 0x00001740, Max: 0x00020000, ABSOLUTE, COMPRESSED[0x00000038])

    Base Addr    Size         Type   Attr      Idx    E Section Name        Object

    0x20000000   0x0000041e   Data   RW          211    .data               main.o
    0x2000041e   0x00000002   PAD
    0x20000420   0x00000014   Data   RW          378    .data               system_stm32f4xx.o
    0x20000434   0x00000010   Data   RW          617    .data               stm32f4xx_rcc.o
    0x20000444   0x00000027   Data   RW         1066    .data               sim800a.o
    0x2000046b   0x00000001   Data   RW         1068    .data               sim800a.o
    0x2000046c   0x00000002   Data   RW         1072    .data               sim800a.o
    0x2000046e   0x00000002   PAD
    0x20000470   0x00000024   Data   RW         1196    .data               modbus.o
    0x20000494   0x00000004   Data   RW         1320    .data               basicfunc.o
    0x20000498   0x00000004   Data   RW         2644    .data               mc_w.l(errno.o)
    0x2000049c   0x00000096   Zero   RW          210    .bss                main.o
    0x20000532   0x00000d16   Zero   RW         1064    .bss                sim800a.o
    0x20001248   0x000000c8   Zero   RW         1195    .bss                modbus.o
    0x20001310   0x0000000a   Zero   RW         1385    .bss                rtc_internal.o
    0x2000131a   0x00000020   Zero   RW         1932    .bss                adc.o
    0x2000133a   0x00000006   PAD
    0x20001340   0x00000400   Zero   RW          413    STACK               startup_stm32f4xx.o


==============================================================================

Image component sizes


      Code (inc. data)   RO Data    RW Data    ZI Data      Debug   Object Name

       280         22          0          0         32       1451   adc.o
       346         52          0          4          0       4456   basicfunc.o
       568         30          0          0          0       3132   i2c_eeprom.o
      2532        584          0       1054        150      42111   main.o
       100          4          0          0          0       1108   misc.o
      2320        142          0         36        200      12659   modbus.o
        72          8          0          0         10       1870   rtc_internal.o
      1520        282          0         42       3350      11909   sim800a.o
        36          8        392          0       1024        900   startup_stm32f4xx.o
       306         20          0          0          0       5855   stm32f4xx_adc.o
       104          4          0          0          0       2541   stm32f4xx_dma.o
       202          0          0          0          0       3103   stm32f4xx_gpio.o
       424         22          0          0          0       7797   stm32f4xx_i2c.o
        16          0          0          0          0     292248   stm32f4xx_it.o
        68         30          0          0          0       2718   stm32f4xx_iwdg.o
       240         36          0         16          0       5384   stm32f4xx_rcc.o
       166         16          0          0          0       3155   stm32f4xx_rtc.o
       330          8          0          0          0       5843   stm32f4xx_usart.o
       260         36          0         20          0       1797   system_stm32f4xx.o

    ----------------------------------------------------------------------
      9914       1304        424       1176       4772     410037   Object Totals
         0          0         32          0          0          0   (incl. Generated)
        24          0          0          4          6          0   (incl. Padding)

    ----------------------------------------------------------------------

      Code (inc. data)   RO Data    RW Data    ZI Data      Debug   Library Member Name

       220         16          0          0          0         84   ceil.o
        86          0          0          0          0          0   __dczerorl2.o
        28          0          0          0          0         68   _chval.o
       158          0          0          0          0         92   _strtoul.o
        26          0          0          0          0         80   atoi.o
         8          4        133          0          0         68   ctype_o.o
         0          0          0          0          0          0   entry.o
         0          0          0          0          0          0   entry10a.o
         0          0          0          0          0          0   entry11a.o
         8          4          0          0          0          0   entry2.o
         4          0          0          0          0          0   entry5.o
         0          0          0          0          0          0   entry7b.o
         0          0          0          0          0          0   entry8b.o
         8          4          0          0          0          0   entry9a.o
         8          4          0          4          0         68   errno.o
        30          0          0          0          0          0   handlers.o
        36          8          0          0          0         68   init.o
         0          0          0          0          0          0   iusefp.o
        30          0          0          0          0         68   llshl.o
        36          0          0          0          0         68   llsshr.o
        32          0          0          0          0         68   llushr.o
        36          0          0          0          0        108   memseta.o
        28          0          0          0          0         76   strcmp.o
       112          0          0          0          0         88   strtol.o
        48          0          0          0          0         68   cdrcmple.o
        56          0          0          0          0         88   d2f.o
       334          0          0          0          0        148   dadd.o
       222          0          0          0          0        100   ddiv.o
       186          0          0          0          0        176   depilogue.o
        50          0          0          0          0         76   dfixui.o
        26          0          0          0          0         76   dfltui.o
       228          0          0          0          0         96   dmul.o
        46          0          0          0          0         80   dscalb.o
       110          0          0          0          0        168   fepilogue.o

    ----------------------------------------------------------------------
      2202         40        136          4          0       2080   Library Totals
         2          0          3          0          0          0   (incl. Padding)

    ----------------------------------------------------------------------

      Code (inc. data)   RO Data    RW Data    ZI Data      Debug   Library Name

       220         16          0          0          0         84   m_ws.l
       674         24        133          4          0        920   mc_w.l
      1306          0          0          0          0       1076   mf_w.l

    ----------------------------------------------------------------------
      2202         40        136          4          0       2080   Library Totals

    ----------------------------------------------------------------------

==============================================================================


      Code (inc. data)   RO Data    RW Data    ZI Data      Debug   

     12116       1344        560       1180       4772     405849   Grand Totals
     12116       1344        560         56       4772     405849   ELF Image Totals (compressed)
     12116       1344        560         56          0          0   ROM Totals

==============================================================================

    Total RO  Size (Code + RO Data)                12676 (  12.38kB)
    Total RW  Size (RW Data + ZI Data)              5952 (   5.81kB)
    Total ROM Size (Code + RO Data + RW Data)      12732 (  12.43kB)

==============================================================================

